Archive member included to satisfy reference by file (symbol)

c:/program files (x86)/atmel/studio/7.0/toolchain/avr8/avr8-gnu-toolchain/bin/../lib/gcc/avr/5.4.0/../../../../avr/lib/avr6\libm.a(addsf3.o)
                              MySrc/Initialize.o (__subsf3)
c:/program files (x86)/atmel/studio/7.0/toolchain/avr8/avr8-gnu-toolchain/bin/../lib/gcc/avr/5.4.0/../../../../avr/lib/avr6\libm.a(addsf3x.o)
                              c:/program files (x86)/atmel/studio/7.0/toolchain/avr8/avr8-gnu-toolchain/bin/../lib/gcc/avr/5.4.0/../../../../avr/lib/avr6\libm.a(addsf3.o) (__addsf3x)
c:/program files (x86)/atmel/studio/7.0/toolchain/avr8/avr8-gnu-toolchain/bin/../lib/gcc/avr/5.4.0/../../../../avr/lib/avr6\libm.a(cmpsf2.o)
                              MySrc/Running_Operation.o (__eqsf2)
c:/program files (x86)/atmel/studio/7.0/toolchain/avr8/avr8-gnu-toolchain/bin/../lib/gcc/avr/5.4.0/../../../../avr/lib/avr6\libm.a(divsf3.o)
                              MySrc/Initialize.o (__divsf3)
c:/program files (x86)/atmel/studio/7.0/toolchain/avr8/avr8-gnu-toolchain/bin/../lib/gcc/avr/5.4.0/../../../../avr/lib/avr6\libm.a(divsf3x.o)
                              c:/program files (x86)/atmel/studio/7.0/toolchain/avr8/avr8-gnu-toolchain/bin/../lib/gcc/avr/5.4.0/../../../../avr/lib/avr6\libm.a(divsf3.o) (__divsf3x)
c:/program files (x86)/atmel/studio/7.0/toolchain/avr8/avr8-gnu-toolchain/bin/../lib/gcc/avr/5.4.0/../../../../avr/lib/avr6\libm.a(fixunssfsi.o)
                              MySrc/Running_Operation.o (__fixunssfsi)
c:/program files (x86)/atmel/studio/7.0/toolchain/avr8/avr8-gnu-toolchain/bin/../lib/gcc/avr/5.4.0/../../../../avr/lib/avr6\libm.a(floatsisf.o)
                              MySrc/Running_Operation.o (__floatunsisf)
c:/program files (x86)/atmel/studio/7.0/toolchain/avr8/avr8-gnu-toolchain/bin/../lib/gcc/avr/5.4.0/../../../../avr/lib/avr6\libm.a(fp_cmp.o)
                              c:/program files (x86)/atmel/studio/7.0/toolchain/avr8/avr8-gnu-toolchain/bin/../lib/gcc/avr/5.4.0/../../../../avr/lib/avr6\libm.a(cmpsf2.o) (__fp_cmp)
c:/program files (x86)/atmel/studio/7.0/toolchain/avr8/avr8-gnu-toolchain/bin/../lib/gcc/avr/5.4.0/../../../../avr/lib/avr6\libm.a(fp_inf.o)
                              c:/program files (x86)/atmel/studio/7.0/toolchain/avr8/avr8-gnu-toolchain/bin/../lib/gcc/avr/5.4.0/../../../../avr/lib/avr6\libm.a(addsf3x.o) (__fp_inf)
c:/program files (x86)/atmel/studio/7.0/toolchain/avr8/avr8-gnu-toolchain/bin/../lib/gcc/avr/5.4.0/../../../../avr/lib/avr6\libm.a(fp_nan.o)
                              c:/program files (x86)/atmel/studio/7.0/toolchain/avr8/avr8-gnu-toolchain/bin/../lib/gcc/avr/5.4.0/../../../../avr/lib/avr6\libm.a(addsf3x.o) (__fp_nan)
c:/program files (x86)/atmel/studio/7.0/toolchain/avr8/avr8-gnu-toolchain/bin/../lib/gcc/avr/5.4.0/../../../../avr/lib/avr6\libm.a(fp_pscA.o)
                              c:/program files (x86)/atmel/studio/7.0/toolchain/avr8/avr8-gnu-toolchain/bin/../lib/gcc/avr/5.4.0/../../../../avr/lib/avr6\libm.a(addsf3x.o) (__fp_pscA)
c:/program files (x86)/atmel/studio/7.0/toolchain/avr8/avr8-gnu-toolchain/bin/../lib/gcc/avr/5.4.0/../../../../avr/lib/avr6\libm.a(fp_pscB.o)
                              c:/program files (x86)/atmel/studio/7.0/toolchain/avr8/avr8-gnu-toolchain/bin/../lib/gcc/avr/5.4.0/../../../../avr/lib/avr6\libm.a(addsf3x.o) (__fp_pscB)
c:/program files (x86)/atmel/studio/7.0/toolchain/avr8/avr8-gnu-toolchain/bin/../lib/gcc/avr/5.4.0/../../../../avr/lib/avr6\libm.a(fp_round.o)
                              c:/program files (x86)/atmel/studio/7.0/toolchain/avr8/avr8-gnu-toolchain/bin/../lib/gcc/avr/5.4.0/../../../../avr/lib/avr6\libm.a(addsf3.o) (__fp_round)
c:/program files (x86)/atmel/studio/7.0/toolchain/avr8/avr8-gnu-toolchain/bin/../lib/gcc/avr/5.4.0/../../../../avr/lib/avr6\libm.a(fp_split3.o)
                              c:/program files (x86)/atmel/studio/7.0/toolchain/avr8/avr8-gnu-toolchain/bin/../lib/gcc/avr/5.4.0/../../../../avr/lib/avr6\libm.a(addsf3x.o) (__fp_split3)
c:/program files (x86)/atmel/studio/7.0/toolchain/avr8/avr8-gnu-toolchain/bin/../lib/gcc/avr/5.4.0/../../../../avr/lib/avr6\libm.a(fp_zero.o)
                              c:/program files (x86)/atmel/studio/7.0/toolchain/avr8/avr8-gnu-toolchain/bin/../lib/gcc/avr/5.4.0/../../../../avr/lib/avr6\libm.a(addsf3x.o) (__fp_zero)
c:/program files (x86)/atmel/studio/7.0/toolchain/avr8/avr8-gnu-toolchain/bin/../lib/gcc/avr/5.4.0/../../../../avr/lib/avr6\libm.a(gesf2.o)
                              MySrc/Running_Operation.o (__gesf2)
c:/program files (x86)/atmel/studio/7.0/toolchain/avr8/avr8-gnu-toolchain/bin/../lib/gcc/avr/5.4.0/../../../../avr/lib/avr6\libm.a(mulsf3.o)
                              MySrc/Initialize.o (__mulsf3)
c:/program files (x86)/atmel/studio/7.0/toolchain/avr8/avr8-gnu-toolchain/bin/../lib/gcc/avr/5.4.0/../../../../avr/lib/avr6\libm.a(mulsf3x.o)
[...]
Memory Configuration

Name             Origin             Length             Attributes
text             0x00000000         0x00040000         xr
data             0x00800200         0x00002000         rw !x
eeprom           0x00810000         0x00001000         rw !x
fuse             0x00820000         0x00000003         rw !x
lock             0x00830000         0x00000400         rw !x
signature        0x00840000         0x00000400         rw !x
user_signatures  0x00850000         0x00000400         rw !x
*default*        0x00000000         0xffffffff

Linker script and memory map

Address of section .data set to 0x800200
LOAD C:/Program Files (x86)/Atmel/Studio/7.0/Packs/atmel/ATmega_DFP/1.6.364/gcc/dev/atmega2560/avr6/crtatmega2560.o
LOAD MySrc/Extra_Plot_Control.o
LOAD MySrc/Schedules.o
LOAD MySrc/Euro_Valve.o
LOAD MySrc/GSM_GPRS_Network.o
LOAD MySrc/Hardware_Config.o
LOAD MySrc/Initialize.o
LOAD MySrc/Lira_Sensor.o
LOAD MySrc/MQTT_Handler.o
LOAD MySrc/Mymain.o
LOAD MySrc/My_Lora.o
LOAD MySrc/Running_Operation.o
LOAD Sketch.o
START GROUP
LOAD c:/program files (x86)/atmel/studio/7.0/toolchain/avr8/avr8-gnu-toolchain/bin/../lib/gcc/avr/5.4.0/../../../../avr/lib/avr6\libm.a
LOAD C:\Users\TUSHAR~1\DOCUME~1\GitHub\SICCA_~2\SKU3_1~1.0\SKU3\SKU3_P~1\SKU3_P~1\ARDUIN~1\Debug\libArduinoCore.a
END GROUP
LOAD c:/program files (x86)/atmel/studio/7.0/toolchain/avr8/avr8-gnu-toolchain/bin/../lib/gcc/avr/5.4.0/avr6\libgcc.a
LOAD c:/program files (x86)/atmel/studio/7.0/toolchain/avr8/avr8-gnu-toolchain/bin/../lib/gcc/avr/5.4.0/../../../../avr/lib/avr6\libm.a
START GROUP
LOAD c:/program files (x86)/atmel/studio/7.0/toolchain/avr8/avr8-gnu-toolchain/bin/../lib/gcc/avr/5.4.0/avr6\libgcc.a
LOAD c:/program files (x86)/atmel/studio/7.0/toolchain/avr8/avr8-gnu-toolchain/bin/../lib/gcc/avr/5.4.0/../../../../avr/lib/avr6\libm.a
LOAD c:/program files (x86)/atmel/studio/7.0/toolchain/avr8/avr8-gnu-toolchain/bin/../lib/gcc/avr/5.4.0/../../../../avr/lib/avr6\libc.a
LOAD C:/Program Files (x86)/Atmel/Studio/7.0/Packs/atmel/ATmega_DFP/1.6.364/gcc/dev/atmega2560/avr6\libatmega2560.a
END GROUP
                0x00000000                __TEXT_REGION_ORIGIN__ = DEFINED (__TEXT_REGION_ORIGIN__)?__TEXT_REGION_ORIGIN__:0x0
                [0x00800200]                __DATA_REGION_ORIGIN__ = DEFINED (__DATA_REGION_ORIGIN__)?__DATA_REGION_ORIGIN__:0x800200
                [0x00040000]                __TEXT_REGION_LENGTH__ = DEFINED (__TEXT_REGION_LENGTH__)?__TEXT_REGION_LENGTH__:0x100000
                [0x00002000]                __DATA_REGION_LENGTH__ = DEFINED (__DATA_REGION_LENGTH__)?__DATA_REGION_LENGTH__:0xfe00
                [0x00001000]                __EEPROM_REGION_LENGTH__ = DEFINED (__EEPROM_REGION_LENGTH__)?__EEPROM_REGION_LENGTH__:0x10000
                [0x00000003]                __FUSE_REGION_LENGTH__ = DEFINED (__FUSE_REGION_LENGTH__)?__FUSE_REGION_LENGTH__:0x400
                0x00000400                __LOCK_REGION_LENGTH__ = DEFINED (__LOCK_REGION_LENGTH__)?__LOCK_REGION_LENGTH__:0x400
                0x00000400                __SIGNATURE_REGION_LENGTH__ = DEFINED (__SIGNATURE_REGION_LENGTH__)?__SIGNATURE_REGION_LENGTH__:0x400
                0x00000400                __USER_SIGNATURE_REGION_LENGTH__ = DEFINED (__USER_SIGNATURE_REGION_LENGTH__)?__USER_SIGNATURE_REGION_LENGTH__:0x400

.hash
 *(.hash)

.dynsym
 *(.dynsym)

.dynstr
 *(.dynstr)

.gnu.version
 *(.gnu.version)

.gnu.version_d
 *(.gnu.version_d)

.gnu.version_r
 *(.gnu.version_r)

.rel.init
 *(.rel.init)

.rela.init
 *(.rela.init)

.rel.text
 *(.rel.text)
 *(.rel.text.*)
 *(.rel.gnu.linkonce.t*)

.rela.text
 *(.rela.text)
 *(.rela.text.*)
 *(.rela.gnu.linkonce.t*)

.rel.fini
 *(.rel.fini)

.rela.fini
 *(.rela.fini)

.rel.rodata
 *(.rel.rodata)
 *(.rel.rodata.*)
 *(.rel.gnu.linkonce.r*)

.rela.rodata
 *(.rela.rodata)
 *(.rela.rodata.*)
 *(.rela.gnu.linkonce.r*)

.rel.data
 *(.rel.data)
 *(.rel.data.*)
 *(.rel.gnu.linkonce.d*)

.rela.data
 *(.rela.data)
 *(.rela.data.*)
 *(.rela.gnu.linkonce.d*)

.rel.ctors
 *(.rel.ctors)

.rela.ctors
 *(.rela.ctors)

.rel.dtors
 *(.rel.dtors)

.rela.dtors
 *(.rela.dtors)

.rel.got
 *(.rel.got)

.rela.got
 *(.rela.got)

.rel.bss
 *(.rel.bss)

.rela.bss
 *(.rela.bss)

.rel.plt
 *(.rel.plt)

.rela.plt
 *(.rela.plt)

.text           0x00000000    0x1e0b2
 *(.vectors)
 .vectors       0x00000000       0xe4 C:/Program Files (x86)/Atmel/Studio/7.0/Packs/atmel/ATmega_DFP/1.6.364/gcc/dev/atmega2560/avr6/crtatmega2560.o
                0x00000000                __vector_default
                0x00000000                __vectors
 *(.vectors)
 *(.progmem.gcc*)
 .progmem.gcc_sw_table._Z24Return_Previous_Day_Datev
                0x000000e4       0x2e MySrc/Schedules.o
 .progmem.gcc_sw_table._Z35Return_Calculated_Previous_Day_Dateh
                0x00000112       0x30 MySrc/Schedules.o
 .progmem.gcc_sw_table._Z22Day_In_Bet_Schedullingh
                0x00000142       0x30 MySrc/Schedules.o
 .progmem.gcc_sw_table._Z22Day_In_Bet_Schedullinghhh
                0x00000172       0x30 MySrc/Schedules.o
 .progmem.gcc_sw_table._Z18Next_Day_Calculatehh
                0x000001a2       0x18 MySrc/Schedules.o
 .progmem.gcc_sw_table._Z16Lcd_Special_Charhhhh
                0x000001ba       0x14 MySrc/Hardware_Config.o
 .progmem.gcc_sw_table._ZN11ArduinoJson9Internals14JsonSerializerINS0_10JsonWriterINS0_10PrettyfierINS0_19StaticStringBuilderEEEEEE9serializeERKNS_11JsonVariantERS6_
                0x000001ce       0x10 MySrc/Running_Operation.o
 .progmem.gcc_sw_table._Z12Pub_Sub_DataPcPhjh
                0x000001de       0x10 MySrc/Running_Operation.o
 .progmem.gcc_sw_table.turnOffPWM
                0x000001ee       0x24 C:\Users\TUSHAR~1\DOCUME~1\GitHub\SICCA_~2\SKU3_1~1.0\SKU3\SKU3_P~1\SKU3_P~1\ARDUIN~1\Debug\libArduinoCore.a(wiring_digital.o)
 .progmem.gcc_sw_table._ZN8SPIClass14usingInterruptEh
                0x00000212       0x10 C:\Users\TUSHAR~1\DOCUME~1\GitHub\SICCA_~2\SKU3_1~1.0\SKU3\SKU3_P~1\SKU3_P~1\ARDUIN~1\Debug\libArduinoCore.a(SPI.o)
 .progmem.gcc_sw_table.attachInterrupt
                0x00000222        0xe C:\Users\TUSHAR~1\DOCUME~1\GitHub\SICCA_~2\SKU3_1~1.0\SKU3\SKU3_P~1\SKU3_P~1\ARDUIN~1\Debug\libArduinoCore.a(WInterrupts.o)
 .progmem.gcc_fplib
                0x00000230       0x28 c:/program files (x86)/atmel/studio/7.0/toolchain/avr8/avr8-gnu-toolchain/bin/../lib/gcc/avr/5.4.0/../../../../avr/lib/avr6\libm.a(exp.o)
 .progmem.gcc_fplib
                0x00000258       0x5a c:/program files (x86)/atmel/studio/7.0/toolchain/avr8/avr8-gnu-toolchain/bin/../lib/gcc/avr/5.4.0/../../../../avr/lib/avr6\libm.a(log.o)
                0x000002b2                . = ALIGN (0x2)
                0x000002b2                __trampolines_start = .
 *(.trampolines)
 .trampolines   0x000002b2        0x0 linker stubs
 *(.trampolines*)
                0x000002b2                __trampolines_end = .
 *libprintf_flt.a:*(.progmem.data)
 *libc.a:*(.progmem.data)
 *(.progmem*)
 .progmem.data._ZZ17Flush_ControllingvE3__c_2
                0x000002b2       0x12 MySrc/Extra_Plot_Control.o
 .progmem.data._ZZ17Flush_ControllingvE3__c_1
                0x000002c4       0x12 MySrc/Extra_Plot_Control.o
 .progmem.data._ZZ17Flush_ControllingvE3__c_0
                0x000002d6       0x12 MySrc/Extra_Plot_Control.o
 .progmem.data._ZZ17Flush_ControllingvE3__c
                0x000002e8       0x12 MySrc/Extra_Plot_Control.o
 .progmem.data._ZZ40Valve_Grouping_Handler_For_wireless_PumphhE3__c_42
                0x000002fa       0x1f MySrc/Extra_Plot_Control.o
 .progmem.data._ZZ40Valve_Grouping_Handler_For_wireless_PumphhE3__c_41
                0x00000319       0x3b MySrc/Extra_Plot_Control.o
 .progmem.data._ZZ40Valve_Grouping_Handler_For_wireless_PumphhE3__c_40
                0x00000354       0x3b MySrc/Extra_Plot_Control.o
 .progmem.data._ZZ40Valve_Grouping_Handler_For_wireless_PumphhE3__c_39
                0x0000038f       0x13 MySrc/Extra_Plot_Control.o
 .progmem.data._ZZ40Valve_Grouping_Handler_For_wireless_PumphhE3__c_38
                0x000003a2       0x2b MySrc/Extra_Plot_Control.o
 .progmem.data._ZZ40Valve_Grouping_Handler_For_wireless_PumphhE3__c_37
                0x000003cd       0x1e MySrc/Extra_Plot_Control.o
 .progmem.data._ZZ40Valve_Grouping_Handler_For_wireless_PumphhE3__c_36
                0x000003eb       0x16 MySrc/Extra_Plot_Control.o
 .progmem.data._ZZ40Valve_Grouping_Handler_For_wireless_PumphhE3__c_35
                0x00000401       0x24 MySrc/Extra_Plot_Control.o
 .progmem.data._ZZ40Valve_Grouping_Handler_For_wireless_PumphhE3__c_34
                0x00000425       0x16 MySrc/Extra_Plot_Control.o
 .progmem.data._ZZ40Valve_Grouping_Handler_For_wireless_PumphhE3__c_33
                0x0000043b       0x14 MySrc/Extra_Plot_Control.o
 .progmem.data._ZZ40Valve_Grouping_Handler_For_wireless_PumphhE3__c_32
                0x0000044f       0x16 MySrc/Extra_Plot_Control.o
 .progmem.data._ZZ40Valve_Grouping_Handler_For_wireless_PumphhE3__c_31
                0x00000465        0x2 MySrc/Extra_Plot_Control.o
 .progmem.data._ZZ40Valve_Grouping_Handler_For_wireless_PumphhE3__c_30
                0x00000467        0xe MySrc/Extra_Plot_Control.o
 .progmem.data._ZZ40Valve_Grouping_Handler_For_wireless_PumphhE3__c_29
                0x00000475       0x1f MySrc/Extra_Plot_Control.o
 .progmem.data._ZZ40Valve_Grouping_Handler_For_wireless_PumphhE3__c_28
                0x00000494       0x3b MySrc/Extra_Plot_Control.o
 .progmem.data._ZZ40Valve_Grouping_Handler_For_wireless_PumphhE3__c_27
                0x000004cf       0x3b MySrc/Extra_Plot_Control.o
 .progmem.data._ZZ40Valve_Grouping_Handler_For_wireless_PumphhE3__c_26
                0x0000050a       0x1d MySrc/Extra_Plot_Control.o
 .progmem.data._ZZ40Valve_Grouping_Handler_For_wireless_PumphhE3__c_25
                0x00000527       0x13 MySrc/Extra_Plot_Control.o
 .progmem.data._ZZ40Valve_Grouping_Handler_For_wireless_PumphhE3__c_24
                0x0000053a       0x1d MySrc/Extra_Plot_Control.o
 .progmem.data._ZZ40Valve_Grouping_Handler_For_wireless_PumphhE3__c_23
                0x00000557       0x2b MySrc/Extra_Plot_Control.o
 .progmem.data._ZZ40Valve_Grouping_Handler_For_wireless_PumphhE3__c_22
                0x00000582       0x1e MySrc/Extra_Plot_Control.o
 .progmem.data._ZZ40Valve_Grouping_Handler_For_wireless_PumphhE3__c_21
                0x000005a0       0x16 MySrc/Extra_Plot_Control.o
 .progmem.data._ZZ40Valve_Grouping_Handler_For_wireless_PumphhE3__c_20
                0x000005b6       0x24 MySrc/Extra_Plot_Control.o
 .progmem.data._ZZ40Valve_Grouping_Handler_For_wireless_PumphhE3__c_19
                0x000005da       0x16 MySrc/Extra_Plot_Control.o
 .progmem.data._ZZ40Valve_Grouping_Handler_For_wireless_PumphhE3__c_18
                0x000005f0       0x14 MySrc/Extra_Plot_Control.o
 .progmem.data._ZZ40Valve_Grouping_Handler_For_wireless_PumphhE3__c_17
                0x00000604       0x1b MySrc/Extra_Plot_Control.o
 .progmem.data._ZZ40Valve_Grouping_Handler_For_wireless_PumphhE3__c_16
                0x0000061f        0x2 MySrc/Extra_Plot_Control.o
 .progmem.data._ZZ40Valve_Grouping_Handler_For_wireless_PumphhE3__c_15
                0x00000621        0xe MySrc/Extra_Plot_Control.o
 .progmem.data._ZZ40Valve_Grouping_Handler_For_wireless_PumphhE3__c_14
                0x0000062f       0x2e MySrc/Extra_Plot_Control.o
 .progmem.data._ZZ40Valve_Grouping_Handler_For_wireless_PumphhE3__c_13
                0x0000065d       0x22 MySrc/Extra_Plot_Control.o
 .progmem.data._ZZ40Valve_Grouping_Handler_For_wireless_PumphhE3__c_12
                0x0000067f       0x26 MySrc/Extra_Plot_Control.o
 .progmem.data._ZZ40Valve_Grouping_Handler_For_wireless_PumphhE3__c_11
                0x000006a5       0x15 MySrc/Extra_Plot_Control.o
 .progmem.data._ZZ40Valve_Grouping_Handler_For_wireless_PumphhE3__c_10
                0x000006ba       0x24 MySrc/Extra_Plot_Control.o
 .progmem.data._ZZ40Valve_Grouping_Handler_For_wireless_PumphhE3__c_9
                0x000006de       0x2b MySrc/Extra_Plot_Control.o
 .progmem.data._ZZ40Valve_Grouping_Handler_For_wireless_PumphhE3__c_8
                0x00000709       0x27 MySrc/Extra_Plot_Control.o
 .progmem.data._ZZ40Valve_Grouping_Handler_For_wireless_PumphhE3__c_7
                0x00000730       0x21 MySrc/Extra_Plot_Control.o
 .progmem.data._ZZ40Valve_Grouping_Handler_For_wireless_PumphhE3__c_6
                0x00000751       0x25 MySrc/Extra_Plot_Control.o
 .progmem.data._ZZ40Valve_Grouping_Handler_For_wireless_PumphhE3__c_5
                0x00000776       0x15 MySrc/Extra_Plot_Control.o
 .progmem.data._ZZ40Valve_Grouping_Handler_For_wireless_PumphhE3__c_4
                0x0000078b       0x23 MySrc/Extra_Plot_Control.o
 .progmem.data._ZZ40Valve_Grouping_Handler_For_wireless_PumphhE3__c_3
                0x000007ae       0x2b MySrc/Extra_Plot_Control.o
 .progmem.data._ZZ40Valve_Grouping_Handler_For_wireless_PumphhE3__c_2
                0x000007d9       0x12 MySrc/Extra_Plot_Control.o
 .progmem.data._ZZ40Valve_Grouping_Handler_For_wireless_PumphhE3__c_1
                0x000007eb       0x11 MySrc/Extra_Plot_Control.o
 .progmem.data._ZZ40Valve_Grouping_Handler_For_wireless_PumphhE3__c_0
                0x000007fc       0x12 MySrc/Extra_Plot_Control.o
 .progmem.data._ZZ40Valve_Grouping_Handler_For_wireless_PumphhE3__c
                0x0000080e       0x11 MySrc/Extra_Plot_Control.o
 .progmem.data._ZZ35Wireless_Motor_Enable_Disable_CheckvE3__c_5
                0x0000081f       0x11 MySrc/Extra_Plot_Control.o
 .progmem.data._ZZ35Wireless_Motor_Enable_Disable_CheckvE3__c_4
                0x00000830       0x11 MySrc/Extra_Plot_Control.o
 .progmem.data._ZZ35Wireless_Motor_Enable_Disable_CheckvE3__c_3
                0x00000841       0x11 MySrc/Extra_Plot_Control.o
 .progmem.data._ZZ35Wireless_Motor_Enable_Disable_CheckvE3__c_2
                0x00000852       0x2b MySrc/Extra_Plot_Control.o
 .progmem.data._ZZ35Wireless_Motor_Enable_Disable_CheckvE3__c_1
                0x0000087d       0x2c MySrc/Extra_Plot_Control.o
 .progmem.data._ZZ35Wireless_Motor_Enable_Disable_CheckvE3__c_0
                0x000008a9       0x1a MySrc/Extra_Plot_Control.o
 .progmem.data._ZZ35Wireless_Motor_Enable_Disable_CheckvE3__c
                0x000008c3       0x27 MySrc/Extra_Plot_Control.o
 .progmem.data._ZZ16Set_Trigger_TimevE3__c
                0x000008ea       0x11 MySrc/Schedules.o
 .progmem.data._ZZ30Compare_Trigger_And_Reset_TimevE3__c_12
                0x000008fb       0x15 MySrc/Schedules.o
 .progmem.data._ZZ30Compare_Trigger_And_Reset_TimevE3__c_11
                0x00000910       0x14 MySrc/Schedules.o
 .progmem.data._ZZ30Compare_Trigger_And_Reset_TimevE3__c_10
                0x00000924       0x10 MySrc/Schedules.o
 .progmem.data._ZZ30Compare_Trigger_And_Reset_TimevE3__c_9
                0x00000934       0x10 MySrc/Schedules.o
 .progmem.data._ZZ30Compare_Trigger_And_Reset_TimevE3__c_8
                0x00000944       0x10 MySrc/Schedules.o
 .progmem.data._ZZ30Compare_Trigger_And_Reset_TimevE3__c_7
                0x00000954        0xe MySrc/Schedules.o
 .progmem.data._ZZ30Compare_Trigger_And_Reset_TimevE3__c_6
                0x00000962        0xe MySrc/Schedules.o
 .progmem.data._ZZ30Compare_Trigger_And_Reset_TimevE3__c_5
                0x00000970        0xe MySrc/Schedules.o
 .progmem.data._ZZ30Compare_Trigger_And_Reset_TimevE3__c_4
                0x0000097e        0xe MySrc/Schedules.o
 .progmem.data._ZZ30Compare_Trigger_And_Reset_TimevE3__c_3
                0x0000098c       0x14 MySrc/Schedules.o
 .progmem.data._ZZ30Compare_Trigger_And_Reset_TimevE3__c_2
                0x000009a0       0x14 MySrc/Schedules.o
 .progmem.data._ZZ30Compare_Trigger_And_Reset_TimevE3__c_1
                0x000009b4       0x10 MySrc/Schedules.o
 .progmem.data._ZZ30Compare_Trigger_And_Reset_TimevE3__c_0
                0x000009c4        0xc MySrc/Schedules.o
 .progmem.data._ZZ30Compare_Trigger_And_Reset_TimevE3__c
                0x000009d0        0xc MySrc/Schedules.o
 .progmem.data._ZZ34Check_Time_For_Schedule_To_TriggerhhE3__c_9
                0x000009dc       0x46 MySrc/Schedules.o
 .progmem.data._ZZ34Check_Time_For_Schedule_To_TriggerhhE3__c_8
                0x00000a22       0x4f MySrc/Schedules.o
 .progmem.data._ZZ34Check_Time_For_Schedule_To_TriggerhhE3__c_7
                0x00000a71       0x44 MySrc/Schedules.o
 .progmem.data._ZZ34Check_Time_For_Schedule_To_TriggerhhE3__c_6
                0x00000ab5       0x4f MySrc/Schedules.o
 .progmem.data._ZZ34Check_Time_For_Schedule_To_TriggerhhE3__c_5
                0x00000b04       0x4d MySrc/Schedules.o
 .progmem.data._ZZ34Check_Time_For_Schedule_To_TriggerhhE3__c_4
                0x00000b51       0x10 MySrc/Schedules.o
 .progmem.data._ZZ34Check_Time_For_Schedule_To_TriggerhhE3__c_3
                0x00000b61       0x12 MySrc/Schedules.o
 .progmem.data._ZZ34Check_Time_For_Schedule_To_TriggerhhE3__c_2
                0x00000b73       0x12 MySrc/Schedules.o
 .progmem.data._ZZ34Check_Time_For_Schedule_To_TriggerhhE3__c_1
                0x00000b85       0x14 MySrc/Schedules.o
 .progmem.data._ZZ34Check_Time_For_Schedule_To_TriggerhhE3__c_0
                0x00000b99       0x44 MySrc/Schedules.o
 .progmem.data._ZZ34Check_Time_For_Schedule_To_TriggerhhE3__c
                0x00000bdd       0x4d MySrc/Schedules.o
 .progmem.data._ZZ18Next_Day_CalculatehhE3__c_3
                0x00000c2a       0x10 MySrc/Schedules.o
 .progmem.data._ZZ18Next_Day_CalculatehhE3__c_2
                0x00000c3a       0x11 MySrc/Schedules.o
 .progmem.data._ZZ18Next_Day_CalculatehhE3__c_1
                0x00000c4b       0x23 MySrc/Schedules.o
 .progmem.data._ZZ18Next_Day_CalculatehhE3__c_0
                0x00000c6e       0x11 MySrc/Schedules.o
 .progmem.data._ZZ18Next_Day_CalculatehhE3__c
                0x00000c7f       0x11 MySrc/Schedules.o
 .progmem.data._ZZ22Do_Not_Repeat_SchedulevE3__c_1
                0x00000c90       0x38 MySrc/Schedules.o
 .progmem.data._ZZ22Do_Not_Repeat_SchedulevE3__c_0
                0x00000cc8       0x3a MySrc/Schedules.o
 .progmem.data._ZZ22Do_Not_Repeat_SchedulevE3__c
                0x00000d02       0x38 MySrc/Schedules.o
 .progmem.data._ZZ18Edited_In_SchedulevE3__c_21
                0x00000d3a       0x45 MySrc/Schedules.o
 .progmem.data._ZZ18Edited_In_SchedulevE3__c_20
                0x00000d7f        0x6 MySrc/Schedules.o
 .progmem.data._ZZ18Edited_In_SchedulevE3__c_19
                0x00000d85       0x32 MySrc/Schedules.o
 .progmem.data._ZZ18Edited_In_SchedulevE3__c_18
                0x00000db7        0x5 MySrc/Schedules.o
 .progmem.data._ZZ18Edited_In_SchedulevE3__c_17
                0x00000dbc        0x5 MySrc/Schedules.o
 .progmem.data._ZZ18Edited_In_SchedulevE3__c_16
                0x00000dc1        0x5 MySrc/Schedules.o
 .progmem.data._ZZ18Edited_In_SchedulevE3__c_15
                0x00000dc6       0x32 MySrc/Schedules.o
 .progmem.data._ZZ18Edited_In_SchedulevE3__c_14
                0x00000df8        0x7 MySrc/Schedules.o
 .progmem.data._ZZ18Edited_In_SchedulevE3__c_13
                0x00000dff        0x7 MySrc/Schedules.o
 .progmem.data._ZZ18Edited_In_SchedulevE3__c_12
                0x00000e06        0x5 MySrc/Schedules.o
 .progmem.data._ZZ18Edited_In_SchedulevE3__c_11
                0x00000e0b        0x5 MySrc/Schedules.o
 .progmem.data._ZZ18Edited_In_SchedulevE3__c_10
                0x00000e10       0x32 MySrc/Schedules.o
 .progmem.data._ZZ18Edited_In_SchedulevE3__c_9
                0x00000e42        0x5 MySrc/Schedules.o
 .progmem.data._ZZ18Edited_In_SchedulevE3__c_8
                0x00000e47        0x5 MySrc/Schedules.o
 .progmem.data._ZZ18Edited_In_SchedulevE3__c_7
                0x00000e4c       0x13 MySrc/Schedules.o
 .progmem.data._ZZ18Edited_In_SchedulevE3__c_6
                0x00000e5f       0x13 MySrc/Schedules.o
 .progmem.data._ZZ18Edited_In_SchedulevE3__c_5
                0x00000e72        0x5 MySrc/Schedules.o
 .progmem.data._ZZ18Edited_In_SchedulevE3__c_4
                0x00000e77        0x5 MySrc/Schedules.o
 .progmem.data._ZZ18Edited_In_SchedulevE3__c_3
                0x00000e7c        0x5 MySrc/Schedules.o
 .progmem.data._ZZ18Edited_In_SchedulevE3__c_2
                0x00000e81       0x45 MySrc/Schedules.o
 .progmem.data._ZZ18Edited_In_SchedulevE3__c_1
                0x00000ec6       0x14 MySrc/Schedules.o
 .progmem.data._ZZ18Edited_In_SchedulevE3__c_0
                0x00000eda       0x13 MySrc/Schedules.o
 .progmem.data._ZZ18Edited_In_SchedulevE3__c
                0x00000eed        0x6 MySrc/Schedules.o
 .progmem.data._ZZ17Blower_MonitoringhE3__c_0
                0x00000ef3       0x13 MySrc/Schedules.o
 .progmem.data._ZZ17Blower_MonitoringhE3__c
                0x00000f06       0x13 MySrc/Schedules.o
 .progmem.data._ZZ28Turn_Off_All_Tank_For_SafetyvE3__c_0
                0x00000f19       0x1f MySrc/Schedules.o
 .progmem.data._ZZ28Turn_Off_All_Tank_For_SafetyvE3__c
                0x00000f38       0x11 MySrc/Schedules.o
 .progmem.data._ZZ17Doser_Pump_On_OffhE3__c_10
                0x00000f49       0x1f MySrc/Schedules.o
 .progmem.data._ZZ17Doser_Pump_On_OffhE3__c_9
                0x00000f68       0x3b MySrc/Schedules.o
 .progmem.data._ZZ17Doser_Pump_On_OffhE3__c_8
                0x00000fa3       0x3b MySrc/Schedules.o
 .progmem.data._ZZ17Doser_Pump_On_OffhE3__c_7
                0x00000fde       0x13 MySrc/Schedules.o
 .progmem.data._ZZ17Doser_Pump_On_OffhE3__c_6
                0x00000ff1       0x2b MySrc/Schedules.o
 .progmem.data._ZZ17Doser_Pump_On_OffhE3__c_5
                0x0000101c       0x1e MySrc/Schedules.o
 .progmem.data._ZZ17Doser_Pump_On_OffhE3__c_4
                0x0000103a       0x16 MySrc/Schedules.o
 .progmem.data._ZZ17Doser_Pump_On_OffhE3__c_3
                0x00001050       0x24 MySrc/Schedules.o
 .progmem.data._ZZ17Doser_Pump_On_OffhE3__c_2
                0x00001074       0x16 MySrc/Schedules.o
 .progmem.data._ZZ17Doser_Pump_On_OffhE3__c_1
                0x0000108a       0x14 MySrc/Schedules.o
 .progmem.data._ZZ17Doser_Pump_On_OffhE3__c_0
                0x0000109e        0x2 MySrc/Schedules.o
 .progmem.data._ZZ17Doser_Pump_On_OffhE3__c
                0x000010a0       0x19 MySrc/Schedules.o
 .progmem.data._ZZ22Fertilizer_Tank_On_OffhhE3__c_15
                0x000010b9       0x1c MySrc/Schedules.o
 .progmem.data._ZZ22Fertilizer_Tank_On_OffhhE3__c_14
                0x000010d5       0x1f MySrc/Schedules.o
 .progmem.data._ZZ22Fertilizer_Tank_On_OffhhE3__c_13
                0x000010f4       0x1f MySrc/Schedules.o
 .progmem.data._ZZ22Fertilizer_Tank_On_OffhhE3__c_12
                0x00001113       0x1f MySrc/Schedules.o
 .progmem.data._ZZ22Fertilizer_Tank_On_OffhhE3__c_11
                0x00001132       0x3b MySrc/Schedules.o
 .progmem.data._ZZ22Fertilizer_Tank_On_OffhhE3__c_10
                0x0000116d       0x3b MySrc/Schedules.o
 .progmem.data._ZZ22Fertilizer_Tank_On_OffhhE3__c_9
                0x000011a8       0x13 MySrc/Schedules.o
 .progmem.data._ZZ22Fertilizer_Tank_On_OffhhE3__c_8
                0x000011bb       0x2b MySrc/Schedules.o
 .progmem.data._ZZ22Fertilizer_Tank_On_OffhhE3__c_7
                0x000011e6       0x1e MySrc/Schedules.o
 .progmem.data._ZZ22Fertilizer_Tank_On_OffhhE3__c_6
                0x00001204       0x16 MySrc/Schedules.o
 .progmem.data._ZZ22Fertilizer_Tank_On_OffhhE3__c_5
                0x0000121a       0x24 MySrc/Schedules.o
 .progmem.data._ZZ22Fertilizer_Tank_On_OffhhE3__c_4
                0x0000123e       0x16 MySrc/Schedules.o
 .progmem.data._ZZ22Fertilizer_Tank_On_OffhhE3__c_3
                0x00001254       0x14 MySrc/Schedules.o
 .progmem.data._ZZ22Fertilizer_Tank_On_OffhhE3__c_2
                0x00001268        0x2 MySrc/Schedules.o
 .progmem.data._ZZ22Fertilizer_Tank_On_OffhhE3__c_1
                0x0000126a       0x1e MySrc/Schedules.o
 .progmem.data._ZZ22Fertilizer_Tank_On_OffhhE3__c_0
                0x00001288       0x1a MySrc/Schedules.o
 .progmem.data._ZZ22Fertilizer_Tank_On_OffhhE3__c
                0x000012a2       0x2b MySrc/Schedules.o
 .progmem.data._ZZ26Fertilizer_Tank_MonitoringvE3__c_0
                0x000012cd       0x20 MySrc/Schedules.o
 .progmem.data._ZZ26Fertilizer_Tank_MonitoringvE3__c
                0x000012ed       0x1e MySrc/Schedules.o
 .progmem.data._ZZ20Schedules_MonitoringvE3__c_37
                0x0000130b        0xe MySrc/Schedules.o
 .progmem.data._ZZ20Schedules_MonitoringvE3__c_36
                0x00001319       0x19 MySrc/Schedules.o
 .progmem.data._ZZ20Schedules_MonitoringvE3__c_35
                0x00001332        0xc MySrc/Schedules.o
 .progmem.data._ZZ20Schedules_MonitoringvE3__c_34
                0x0000133e        0xc MySrc/Schedules.o
 .progmem.data._ZZ20Schedules_MonitoringvE3__c_33
                0x0000134a        0xc MySrc/Schedules.o
 .progmem.data._ZZ20Schedules_MonitoringvE3__c_32
                0x00001356        0xc MySrc/Schedules.o
 .progmem.data._ZZ20Schedules_MonitoringvE3__c_31
                0x00001362        0xc MySrc/Schedules.o
 .progmem.data._ZZ20Schedules_MonitoringvE3__c_30
                0x0000136e        0xc MySrc/Schedules.o
 .progmem.data._ZZ20Schedules_MonitoringvE3__c_29
                0x0000137a        0xc MySrc/Schedules.o
 .progmem.data._ZZ20Schedules_MonitoringvE3__c_28
                0x00001386        0xc MySrc/Schedules.o
 .progmem.data._ZZ20Schedules_MonitoringvE3__c_27
                0x00001392        0xc MySrc/Schedules.o
 .progmem.data._ZZ20Schedules_MonitoringvE3__c_26
                0x0000139e        0xc MySrc/Schedules.o
 .progmem.data._ZZ20Schedules_MonitoringvE3__c_25
                0x000013aa        0xc MySrc/Schedules.o
 .progmem.data._ZZ20Schedules_MonitoringvE3__c_24
                0x000013b6        0xc MySrc/Schedules.o
 .progmem.data._ZZ20Schedules_MonitoringvE3__c_23
                0x000013c2        0xc MySrc/Schedules.o
 .progmem.data._ZZ20Schedules_MonitoringvE3__c_22
                0x000013ce        0xc MySrc/Schedules.o
 .progmem.data._ZZ20Schedules_MonitoringvE3__c_21
                0x000013da        0xc MySrc/Schedules.o
 .progmem.data._ZZ20Schedules_MonitoringvE3__c_20
                0x000013e6        0xc MySrc/Schedules.o
 .progmem.data._ZZ20Schedules_MonitoringvE3__c_19
                0x000013f2        0xc MySrc/Schedules.o
 .progmem.data._ZZ20Schedules_MonitoringvE3__c_18
                0x000013fe        0xd MySrc/Schedules.o
 .progmem.data._ZZ20Schedules_MonitoringvE3__c_17
                0x0000140b       0x27 MySrc/Schedules.o
 .progmem.data._ZZ20Schedules_MonitoringvE3__c_16
                0x00001432       0x27 MySrc/Schedules.o
 .progmem.data._ZZ20Schedules_MonitoringvE3__c_15
                0x00001459       0x10 MySrc/Schedules.o
 .progmem.data._ZZ20Schedules_MonitoringvE3__c_14
                0x00001469        0xe MySrc/Schedules.o
 .progmem.data._ZZ20Schedules_MonitoringvE3__c_13
                0x00001477        0xe MySrc/Schedules.o
 .progmem.data._ZZ20Schedules_MonitoringvE3__c_12
                0x00001485       0x32 MySrc/Schedules.o
 .progmem.data._ZZ20Schedules_MonitoringvE3__c_11
                0x000014b7        0xc MySrc/Schedules.o
 .progmem.data._ZZ20Schedules_MonitoringvE3__c_10
                0x000014c3        0xc MySrc/Schedules.o
 .progmem.data._ZZ20Schedules_MonitoringvE3__c_9
                0x000014cf        0xb MySrc/Schedules.o
 .progmem.data._ZZ20Schedules_MonitoringvE3__c_8
                0x000014da       0x26 MySrc/Schedules.o
 .progmem.data._ZZ20Schedules_MonitoringvE3__c_7
                0x00001500       0x29 MySrc/Schedules.o
 .progmem.data._ZZ20Schedules_MonitoringvE3__c_6
                0x00001529       0x1e MySrc/Schedules.o
 .progmem.data._ZZ20Schedules_MonitoringvE3__c_5
                0x00001547       0x1e MySrc/Schedules.o
 .progmem.data._ZZ20Schedules_MonitoringvE3__c_4
                0x00001565       0x1d MySrc/Schedules.o
 .progmem.data._ZZ20Schedules_MonitoringvE3__c_3
                0x00001582       0x32 MySrc/Schedules.o
 .progmem.data._ZZ20Schedules_MonitoringvE3__c_2
                0x000015b4        0xc MySrc/Schedules.o
 .progmem.data._ZZ20Schedules_MonitoringvE3__c_1
                0x000015c0       0x36 MySrc/Schedules.o
 .progmem.data._ZZ20Schedules_MonitoringvE3__c_0
                0x000015f6       0x34 MySrc/Schedules.o
 .progmem.data._ZZ20Schedules_MonitoringvE3__c
                0x0000162a       0x33 MySrc/Schedules.o
 .progmem.data._ZZ22Day_In_Bet_SchedullinghhhE3__c_65
                0x0000165d       0x10 MySrc/Schedules.o
 .progmem.data._ZZ22Day_In_Bet_SchedullinghhhE3__c_64
                0x0000166d       0x10 MySrc/Schedules.o
 .progmem.data._ZZ22Day_In_Bet_SchedullinghhhE3__c_63
                0x0000167d        0xf MySrc/Schedules.o
 .progmem.data._ZZ22Day_In_Bet_SchedullinghhhE3__c_62
                0x0000168c        0xf MySrc/Schedules.o
 .progmem.data._ZZ22Day_In_Bet_SchedullinghhhE3__c_61
                0x0000169b        0xf MySrc/Schedules.o
 .progmem.data._ZZ22Day_In_Bet_SchedullinghhhE3__c_60
                0x000016aa        0xd MySrc/Schedules.o
 .progmem.data._ZZ22Day_In_Bet_SchedullinghhhE3__c_59
                0x000016b7        0xf MySrc/Schedules.o
 .progmem.data._ZZ22Day_In_Bet_SchedullinghhhE3__c_58
                0x000016c6        0xd MySrc/Schedules.o
 .progmem.data._ZZ22Day_In_Bet_SchedullinghhhE3__c_57
                0x000016d3        0xf MySrc/Schedules.o
 .progmem.data._ZZ22Day_In_Bet_SchedullinghhhE3__c_56
                0x000016e2        0xf MySrc/Schedules.o
 .progmem.data._ZZ22Day_In_Bet_SchedullinghhhE3__c_55
                0x000016f1        0xf MySrc/Schedules.o
 .progmem.data._ZZ22Day_In_Bet_SchedullinghhhE3__c_54
                0x00001700        0xf MySrc/Schedules.o
 .progmem.data._ZZ22Day_In_Bet_SchedullinghhhE3__c_53
                0x0000170f        0xf MySrc/Schedules.o
 .progmem.data._ZZ22Day_In_Bet_SchedullinghhhE3__c_52
                0x0000171e        0xf MySrc/Schedules.o
 .progmem.data._ZZ22Day_In_Bet_SchedullinghhhE3__c_51
                0x0000172d        0xf MySrc/Schedules.o
 .progmem.data._ZZ22Day_In_Bet_SchedullinghhhE3__c_50
                0x0000173c        0xf MySrc/Schedules.o
 .progmem.data._ZZ22Day_In_Bet_SchedullinghhhE3__c_49
                0x0000174b        0xf MySrc/Schedules.o
 .progmem.data._ZZ22Day_In_Bet_SchedullinghhhE3__c_48
                0x0000175a        0xf MySrc/Schedules.o
 .progmem.data._ZZ22Day_In_Bet_SchedullinghhhE3__c_47
                0x00001769        0xf MySrc/Schedules.o
 .progmem.data._ZZ22Day_In_Bet_SchedullinghhhE3__c_46
                0x00001778        0xf MySrc/Schedules.o
 .progmem.data._ZZ22Day_In_Bet_SchedullinghhhE3__c_45
                0x00001787        0xf MySrc/Schedules.o
 .progmem.data._ZZ22Day_In_Bet_SchedullinghhhE3__c_44
                0x00001796        0xf MySrc/Schedules.o
 .progmem.data._ZZ22Day_In_Bet_SchedullinghhhE3__c_43
                0x000017a5        0xf MySrc/Schedules.o
 .progmem.data._ZZ22Day_In_Bet_SchedullinghhhE3__c_42
                0x000017b4        0xf MySrc/Schedules.o
 .progmem.data._ZZ22Day_In_Bet_SchedullinghhhE3__c_41
                0x000017c3        0xf MySrc/Schedules.o
 .progmem.data._ZZ22Day_In_Bet_SchedullinghhhE3__c_40
                0x000017d2        0xf MySrc/Schedules.o
 .progmem.data._ZZ22Day_In_Bet_SchedullinghhhE3__c_39
                0x000017e1        0xf MySrc/Schedules.o
 .progmem.data._ZZ22Day_In_Bet_SchedullinghhhE3__c_38
                0x000017f0        0xf MySrc/Schedules.o
 .progmem.data._ZZ22Day_In_Bet_SchedullinghhhE3__c_37
                0x000017ff        0xf MySrc/Schedules.o
 .progmem.data._ZZ22Day_In_Bet_SchedullinghhhE3__c_36
                0x0000180e       0x16 MySrc/Schedules.o
 .progmem.data._ZZ22Day_In_Bet_SchedullinghhhE3__c_35
                0x00001824        0xe MySrc/Schedules.o
 .progmem.data._ZZ22Day_In_Bet_SchedullinghhhE3__c_34
                0x00001832        0xe MySrc/Schedules.o
 .progmem.data._ZZ22Day_In_Bet_SchedullinghhhE3__c_33
                0x00001840        0xd MySrc/Schedules.o
 .progmem.data._ZZ22Day_In_Bet_SchedullinghhhE3__c_32
                0x0000184d        0xd MySrc/Schedules.o
 .progmem.data._ZZ22Day_In_Bet_SchedullinghhhE3__c_31
                0x0000185a        0xd MySrc/Schedules.o
 .progmem.data._ZZ22Day_In_Bet_SchedullinghhhE3__c_30
                0x00001867        0xd MySrc/Schedules.o
 .progmem.data._ZZ22Day_In_Bet_SchedullinghhhE3__c_29
                0x00001874        0xd MySrc/Schedules.o
 .progmem.data._ZZ22Day_In_Bet_SchedullinghhhE3__c_28
                0x00001881        0xd MySrc/Schedules.o
 .progmem.data._ZZ22Day_In_Bet_SchedullinghhhE3__c_27
                0x0000188e        0xd MySrc/Schedules.o
 .progmem.data._ZZ22Day_In_Bet_SchedullinghhhE3__c_26
                0x0000189b        0xd MySrc/Schedules.o
 .progmem.data._ZZ22Day_In_Bet_SchedullinghhhE3__c_25
                0x000018a8        0xd MySrc/Schedules.o
 .progmem.data._ZZ22Day_In_Bet_SchedullinghhhE3__c_24
                0x000018b5        0xd MySrc/Schedules.o
 .progmem.data._ZZ22Day_In_Bet_SchedullinghhhE3__c_23
                0x000018c2        0xd MySrc/Schedules.o
 .progmem.data._ZZ22Day_In_Bet_SchedullinghhhE3__c_22
                0x000018cf        0xd MySrc/Schedules.o
 .progmem.data._ZZ22Day_In_Bet_SchedullinghhhE3__c_21
                0x000018dc        0xd MySrc/Schedules.o
 .progmem.data._ZZ22Day_In_Bet_SchedullinghhhE3__c_20
                0x000018e9        0xd MySrc/Schedules.o
 .progmem.data._ZZ22Day_In_Bet_SchedullinghhhE3__c_19
                0x000018f6        0xd MySrc/Schedules.o
 .progmem.data._ZZ22Day_In_Bet_SchedullinghhhE3__c_18
                0x00001903        0xd MySrc/Schedules.o
 .progmem.data._ZZ22Day_In_Bet_SchedullinghhhE3__c_17
                0x00001910        0xd MySrc/Schedules.o
 .progmem.data._ZZ22Day_In_Bet_SchedullinghhhE3__c_16
                0x0000191d        0xd MySrc/Schedules.o
 .progmem.data._ZZ22Day_In_Bet_SchedullinghhhE3__c_15
                0x0000192a        0xd MySrc/Schedules.o
 .progmem.data._ZZ22Day_In_Bet_SchedullinghhhE3__c_14
                0x00001937        0xd MySrc/Schedules.o
 .progmem.data._ZZ22Day_In_Bet_SchedullinghhhE3__c_13
                0x00001944        0xd MySrc/Schedules.o
 .progmem.data._ZZ22Day_In_Bet_SchedullinghhhE3__c_12
                0x00001951        0xd MySrc/Schedules.o
 .progmem.data._ZZ22Day_In_Bet_SchedullinghhhE3__c_11
                0x0000195e        0xd MySrc/Schedules.o
 .progmem.data._ZZ22Day_In_Bet_SchedullinghhhE3__c_10
                0x0000196b        0xd MySrc/Schedules.o
 .progmem.data._ZZ22Day_In_Bet_SchedullinghhhE3__c_9
                0x00001978        0xd MySrc/Schedules.o
 .progmem.data._ZZ22Day_In_Bet_SchedullinghhhE3__c_8
                0x00001985        0xd MySrc/Schedules.o
 .progmem.data._ZZ22Day_In_Bet_SchedullinghhhE3__c_7
                0x00001992        0xd MySrc/Schedules.o
 .progmem.data._ZZ22Day_In_Bet_SchedullinghhhE3__c_6
                0x0000199f       0x15 MySrc/Schedules.o
 .progmem.data._ZZ22Day_In_Bet_SchedullinghhhE3__c_5
                0x000019b4       0x13 MySrc/Schedules.o
 .progmem.data._ZZ22Day_In_Bet_SchedullinghhhE3__c_4
                0x000019c7        0xe MySrc/Schedules.o
 .progmem.data._ZZ22Day_In_Bet_SchedullinghhhE3__c_3
                0x000019d5        0xc MySrc/Schedules.o
 .progmem.data._ZZ22Day_In_Bet_SchedullinghhhE3__c_2
                0x000019e1        0x8 MySrc/Schedules.o
 .progmem.data._ZZ22Day_In_Bet_SchedullinghhhE3__c_1
                0x000019e9        0x9 MySrc/Schedules.o
 .progmem.data._ZZ22Day_In_Bet_SchedullinghhhE3__c_0
                0x000019f2        0x8 MySrc/Schedules.o
 .progmem.data._ZZ22Day_In_Bet_SchedullinghhhE3__c
                0x000019fa       0x13 MySrc/Schedules.o
 .progmem.data._ZZ22Day_In_Bet_SchedullinghE3__c_61
                0x00001a0d        0xe MySrc/Schedules.o
 .progmem.data._ZZ22Day_In_Bet_SchedullinghE3__c_60
                0x00001a1b        0xe MySrc/Schedules.o
 .progmem.data._ZZ22Day_In_Bet_SchedullinghE3__c_59
                0x00001a29        0xd MySrc/Schedules.o
 .progmem.data._ZZ22Day_In_Bet_SchedullinghE3__c_58
                0x00001a36        0xd MySrc/Schedules.o
 .progmem.data._ZZ22Day_In_Bet_SchedullinghE3__c_57
                0x00001a43        0xd MySrc/Schedules.o
 .progmem.data._ZZ22Day_In_Bet_SchedullinghE3__c_56
                0x00001a50        0xd MySrc/Schedules.o
 .progmem.data._ZZ22Day_In_Bet_SchedullinghE3__c_55
                0x00001a5d        0xd MySrc/Schedules.o
 .progmem.data._ZZ22Day_In_Bet_SchedullinghE3__c_54
                0x00001a6a        0xd MySrc/Schedules.o
 .progmem.data._ZZ22Day_In_Bet_SchedullinghE3__c_53
                0x00001a77        0xd MySrc/Schedules.o
 .progmem.data._ZZ22Day_In_Bet_SchedullinghE3__c_52
                0x00001a84        0xd MySrc/Schedules.o
 .progmem.data._ZZ22Day_In_Bet_SchedullinghE3__c_51
                0x00001a91        0xd MySrc/Schedules.o
 .progmem.data._ZZ22Day_In_Bet_SchedullinghE3__c_50
                0x00001a9e        0xd MySrc/Schedules.o
 .progmem.data._ZZ22Day_In_Bet_SchedullinghE3__c_49
                0x00001aab        0xd MySrc/Schedules.o
 .progmem.data._ZZ22Day_In_Bet_SchedullinghE3__c_48
                0x00001ab8        0xd MySrc/Schedules.o
 .progmem.data._ZZ22Day_In_Bet_SchedullinghE3__c_47
                0x00001ac5        0xd MySrc/Schedules.o
 .progmem.data._ZZ22Day_In_Bet_SchedullinghE3__c_46
                0x00001ad2        0xd MySrc/Schedules.o
 .progmem.data._ZZ22Day_In_Bet_SchedullinghE3__c_45
                0x00001adf        0xd MySrc/Schedules.o
 .progmem.data._ZZ22Day_In_Bet_SchedullinghE3__c_44
                0x00001aec        0xd MySrc/Schedules.o
 .progmem.data._ZZ22Day_In_Bet_SchedullinghE3__c_43
                0x00001af9        0xd MySrc/Schedules.o
 .progmem.data._ZZ22Day_In_Bet_SchedullinghE3__c_42
                0x00001b06        0xd MySrc/Schedules.o
 .progmem.data._ZZ22Day_In_Bet_SchedullinghE3__c_41
                0x00001b13        0xd MySrc/Schedules.o
 .progmem.data._ZZ22Day_In_Bet_SchedullinghE3__c_40
                0x00001b20        0xd MySrc/Schedules.o
 .progmem.data._ZZ22Day_In_Bet_SchedullinghE3__c_39
                0x00001b2d        0xd MySrc/Schedules.o
 .progmem.data._ZZ22Day_In_Bet_SchedullinghE3__c_38
                0x00001b3a        0xd MySrc/Schedules.o
 .progmem.data._ZZ22Day_In_Bet_SchedullinghE3__c_37
                0x00001b47        0xd MySrc/Schedules.o
 .progmem.data._ZZ22Day_In_Bet_SchedullinghE3__c_36
                0x00001b54        0xd MySrc/Schedules.o
 .progmem.data._ZZ22Day_In_Bet_SchedullinghE3__c_35
                0x00001b61        0xd MySrc/Schedules.o
 .progmem.data._ZZ22Day_In_Bet_SchedullinghE3__c_34
                0x00001b6e        0xd MySrc/Schedules.o
 .progmem.data._ZZ22Day_In_Bet_SchedullinghE3__c_33
                0x00001b7b        0xd MySrc/Schedules.o
 .progmem.data._ZZ22Day_In_Bet_SchedullinghE3__c_32
                0x00001b88        0xe MySrc/Schedules.o
 .progmem.data._ZZ22Day_In_Bet_SchedullinghE3__c_31
                0x00001b96        0xe MySrc/Schedules.o
 .progmem.data._ZZ22Day_In_Bet_SchedullinghE3__c_30
                0x00001ba4        0xd MySrc/Schedules.o
 .progmem.data._ZZ22Day_In_Bet_SchedullinghE3__c_29
                0x00001bb1        0xd MySrc/Schedules.o
 .progmem.data._ZZ22Day_In_Bet_SchedullinghE3__c_28
                0x00001bbe        0xd MySrc/Schedules.o
 .progmem.data._ZZ22Day_In_Bet_SchedullinghE3__c_27
                0x00001bcb        0xd MySrc/Schedules.o
 .progmem.data._ZZ22Day_In_Bet_SchedullinghE3__c_26
                0x00001bd8        0xd MySrc/Schedules.o
 .progmem.data._ZZ22Day_In_Bet_SchedullinghE3__c_25
                0x00001be5        0xd MySrc/Schedules.o
 .progmem.data._ZZ22Day_In_Bet_SchedullinghE3__c_24
                0x00001bf2        0xd MySrc/Schedules.o
 .progmem.data._ZZ22Day_In_Bet_SchedullinghE3__c_23
                0x00001bff        0xd MySrc/Schedules.o
 .progmem.data._ZZ22Day_In_Bet_SchedullinghE3__c_22
                0x00001c0c        0xd MySrc/Schedules.o
 .progmem.data._ZZ22Day_In_Bet_SchedullinghE3__c_21
                0x00001c19        0xd MySrc/Schedules.o
 .progmem.data._ZZ22Day_In_Bet_SchedullinghE3__c_20
                0x00001c26        0xd MySrc/Schedules.o
 .progmem.data._ZZ22Day_In_Bet_SchedullinghE3__c_19
                0x00001c33        0xd MySrc/Schedules.o
 .progmem.data._ZZ22Day_In_Bet_SchedullinghE3__c_18
                0x00001c40        0xd MySrc/Schedules.o
 .progmem.data._ZZ22Day_In_Bet_SchedullinghE3__c_17
                0x00001c4d        0xd MySrc/Schedules.o
 .progmem.data._ZZ22Day_In_Bet_SchedullinghE3__c_16
                0x00001c5a        0xd MySrc/Schedules.o
 .progmem.data._ZZ22Day_In_Bet_SchedullinghE3__c_15
                0x00001c67        0xd MySrc/Schedules.o
 .progmem.data._ZZ22Day_In_Bet_SchedullinghE3__c_14
                0x00001c74        0xd MySrc/Schedules.o
 .progmem.data._ZZ22Day_In_Bet_SchedullinghE3__c_13
                0x00001c81        0xd MySrc/Schedules.o
 .progmem.data._ZZ22Day_In_Bet_SchedullinghE3__c_12
                0x00001c8e        0xd MySrc/Schedules.o
 .progmem.data._ZZ22Day_In_Bet_SchedullinghE3__c_11
                0x00001c9b        0xd MySrc/Schedules.o
 .progmem.data._ZZ22Day_In_Bet_SchedullinghE3__c_10
                0x00001ca8        0xd MySrc/Schedules.o
 .progmem.data._ZZ22Day_In_Bet_SchedullinghE3__c_9
                0x00001cb5        0xd MySrc/Schedules.o
 .progmem.data._ZZ22Day_In_Bet_SchedullinghE3__c_8
                0x00001cc2        0xd MySrc/Schedules.o
 .progmem.data._ZZ22Day_In_Bet_SchedullinghE3__c_7
                0x00001ccf        0xd MySrc/Schedules.o
 .progmem.data._ZZ22Day_In_Bet_SchedullinghE3__c_6
                0x00001cdc        0xd MySrc/Schedules.o
 .progmem.data._ZZ22Day_In_Bet_SchedullinghE3__c_5
                0x00001ce9        0xd MySrc/Schedules.o
 .progmem.data._ZZ22Day_In_Bet_SchedullinghE3__c_4
                0x00001cf6        0xd MySrc/Schedules.o
 .progmem.data._ZZ22Day_In_Bet_SchedullinghE3__c_3
                0x00001d03       0x14 MySrc/Schedules.o
 .progmem.data._ZZ22Day_In_Bet_SchedullinghE3__c_2
                0x00001d17       0x13 MySrc/Schedules.o
 .progmem.data._ZZ22Day_In_Bet_SchedullinghE3__c_1
                0x00001d2a        0x8 MySrc/Schedules.o
 .progmem.data._ZZ22Day_In_Bet_SchedullinghE3__c_0
                0x00001d32        0x9 MySrc/Schedules.o
 .progmem.data._ZZ22Day_In_Bet_SchedullinghE3__c
                0x00001d3b        0x8 MySrc/Schedules.o
 .progmem.data._ZZ35Return_Calculated_Previous_Day_DatehE3__c_2
                0x00001d43       0x1a MySrc/Schedules.o
 .progmem.data._ZZ35Return_Calculated_Previous_Day_DatehE3__c_1
                0x00001d5d       0x19 MySrc/Schedules.o
 .progmem.data._ZZ35Return_Calculated_Previous_Day_DatehE3__c_0
                0x00001d76        0xd MySrc/Schedules.o
 .progmem.data._ZZ35Return_Calculated_Previous_Day_DatehE3__c
                0x00001d83       0x44 MySrc/Schedules.o
 .progmem.data._ZZ25Update_Wireless_Pump_DataPhE3__c
                0x00001dc7       0x1c MySrc/Euro_Valve.o
 .progmem.data._ZZ22Update_Euro_Valve_DataPhE3__c_16
                0x00001de3       0x14 MySrc/Euro_Valve.o
 .progmem.data._ZZ22Update_Euro_Valve_DataPhE3__c_15
                0x00001df7       0x16 MySrc/Euro_Valve.o
 .progmem.data._ZZ22Update_Euro_Valve_DataPhE3__c_14
                0x00001e0d       0x23 MySrc/Euro_Valve.o
 .progmem.data._ZZ22Update_Euro_Valve_DataPhE3__c_13
                0x00001e30       0x34 MySrc/Euro_Valve.o
 .progmem.data._ZZ22Update_Euro_Valve_DataPhE3__c_12
                0x00001e64       0x13 MySrc/Euro_Valve.o
 .progmem.data._ZZ22Update_Euro_Valve_DataPhE3__c_11
                0x00001e77       0x25 MySrc/Euro_Valve.o
 .progmem.data._ZZ22Update_Euro_Valve_DataPhE3__c_10
                0x00001e9c       0x2c MySrc/Euro_Valve.o
 .progmem.data._ZZ22Update_Euro_Valve_DataPhE3__c_9
                0x00001ec8       0x1e MySrc/Euro_Valve.o
 .progmem.data._ZZ22Update_Euro_Valve_DataPhE3__c_8
                0x00001ee6        0xf MySrc/Euro_Valve.o
 .progmem.data._ZZ22Update_Euro_Valve_DataPhE3__c_7
                0x00001ef5       0x17 MySrc/Euro_Valve.o
 .progmem.data._ZZ22Update_Euro_Valve_DataPhE3__c_6
                0x00001f0c       0x11 MySrc/Euro_Valve.o
 .progmem.data._ZZ22Update_Euro_Valve_DataPhE3__c_5
                0x00001f1d       0x18 MySrc/Euro_Valve.o
 .progmem.data._ZZ22Update_Euro_Valve_DataPhE3__c_4
                0x00001f35       0x11 MySrc/Euro_Valve.o
 .progmem.data._ZZ22Update_Euro_Valve_DataPhE3__c_3
                0x00001f46       0x12 MySrc/Euro_Valve.o
 .progmem.data._ZZ22Update_Euro_Valve_DataPhE3__c_2
                0x00001f58       0x1b MySrc/Euro_Valve.o
 .progmem.data._ZZ22Update_Euro_Valve_DataPhE3__c_1
                0x00001f73        0xc MySrc/Euro_Valve.o
 .progmem.data._ZZ22Update_Euro_Valve_DataPhE3__c_0
                0x00001f7f       0x18 MySrc/Euro_Valve.o
 .progmem.data._ZZ22Update_Euro_Valve_DataPhE3__c
                0x00001f97       0x13 MySrc/Euro_Valve.o
 .progmem.data._ZZ16Gsm_Gprs_NetworkvE3__c_10
                0x00001faa        0x5 MySrc/GSM_GPRS_Network.o
 .progmem.data._ZZ16Gsm_Gprs_NetworkvE3__c_9
                0x00001faf        0xc MySrc/GSM_GPRS_Network.o
 .progmem.data._ZZ16Gsm_Gprs_NetworkvE3__c_8
                0x00001fbb       0x21 MySrc/GSM_GPRS_Network.o
 .progmem.data._ZZ16Gsm_Gprs_NetworkvE3__c_7
                0x00001fdc       0x20 MySrc/GSM_GPRS_Network.o
 .progmem.data._ZZ16Gsm_Gprs_NetworkvE3__c_6
                0x00001ffc        0x5 MySrc/GSM_GPRS_Network.o
 .progmem.data._ZZ16Gsm_Gprs_NetworkvE3__c_5
                0x00002001        0xc MySrc/GSM_GPRS_Network.o
 .progmem.data._ZZ16Gsm_Gprs_NetworkvE3__c_4
                0x0000200d       0x15 MySrc/GSM_GPRS_Network.o
 .progmem.data._ZZ16Gsm_Gprs_NetworkvE3__c_3
                0x00002022       0x18 MySrc/GSM_GPRS_Network.o
 .progmem.data._ZZ16Gsm_Gprs_NetworkvE3__c_2
                0x0000203a        0x4 MySrc/GSM_GPRS_Network.o
 .progmem.data._ZZ16Gsm_Gprs_NetworkvE3__c_1
                0x0000203e        0x7 MySrc/GSM_GPRS_Network.o
 .progmem.data._ZZ16Gsm_Gprs_NetworkvE3__c_0
                0x00002045        0x9 MySrc/GSM_GPRS_Network.o
 .progmem.data._ZZ16Gsm_Gprs_NetworkvE3__c
                0x0000204e       0x20 MySrc/GSM_GPRS_Network.o
 .progmem.data._ZZ14Get_Local_TimevE3__c_6
                0x0000206e        0xb MySrc/GSM_GPRS_Network.o
 .progmem.data._ZZ14Get_Local_TimevE3__c_5
                0x00002079        0xc MySrc/GSM_GPRS_Network.o
 .progmem.data._ZZ14Get_Local_TimevE3__c_4
                0x00002085        0xb MySrc/GSM_GPRS_Network.o
 .progmem.data._ZZ14Get_Local_TimevE3__c_3
                0x00002090        0x9 MySrc/GSM_GPRS_Network.o
 .progmem.data._ZZ14Get_Local_TimevE3__c_2
                0x00002099        0x8 MySrc/GSM_GPRS_Network.o
 .progmem.data._ZZ14Get_Local_TimevE3__c_1
                0x000020a1       0x1d MySrc/GSM_GPRS_Network.o
 .progmem.data._ZZ14Get_Local_TimevE3__c_0
                0x000020be        0xa MySrc/GSM_GPRS_Network.o
 .progmem.data._ZZ14Get_Local_TimevE3__c
                0x000020c8        0xa MySrc/GSM_GPRS_Network.o
 .progmem.data._ZZ16Display_Update_1vE3__c_25
                0x000020d2        0xd MySrc/Hardware_Config.o
 .progmem.data._ZZ16Display_Update_1vE3__c_24
                0x000020df        0xd MySrc/Hardware_Config.o
 .progmem.data._ZZ16Display_Update_1vE3__c_23
                0x000020ec       0x15 MySrc/Hardware_Config.o
 .progmem.data._ZZ16Display_Update_1vE3__c_22
                0x00002101       0x15 MySrc/Hardware_Config.o
 .progmem.data._ZZ16Display_Update_1vE3__c_21
                0x00002116       0x15 MySrc/Hardware_Config.o
 .progmem.data._ZZ16Display_Update_1vE3__c_20
                0x0000212b       0x15 MySrc/Hardware_Config.o
 .progmem.data._ZZ16Display_Update_1vE3__c_19
                0x00002140       0x15 MySrc/Hardware_Config.o
 .progmem.data._ZZ16Display_Update_1vE3__c_18
                0x00002155       0x15 MySrc/Hardware_Config.o
 .progmem.data._ZZ16Display_Update_1vE3__c_17
                0x0000216a       0x15 MySrc/Hardware_Config.o
 .progmem.data._ZZ16Display_Update_1vE3__c_16
                0x0000217f       0x15 MySrc/Hardware_Config.o
 .progmem.data._ZZ16Display_Update_1vE3__c_15
                0x00002194       0x15 MySrc/Hardware_Config.o
 .progmem.data._ZZ16Display_Update_1vE3__c_14
                0x000021a9       0x12 MySrc/Hardware_Config.o
 .progmem.data._ZZ16Display_Update_1vE3__c_13
                0x000021bb       0x15 MySrc/Hardware_Config.o
 .progmem.data._ZZ16Display_Update_1vE3__c_12
                0x000021d0       0x15 MySrc/Hardware_Config.o
 .progmem.data._ZZ16Display_Update_1vE3__c_11
                0x000021e5       0x15 MySrc/Hardware_Config.o
 .progmem.data._ZZ16Display_Update_1vE3__c_10
                0x000021fa       0x15 MySrc/Hardware_Config.o
 .progmem.data._ZZ16Display_Update_1vE3__c_9
                0x0000220f       0x15 MySrc/Hardware_Config.o
 .progmem.data._ZZ16Display_Update_1vE3__c_8
                0x00002224       0x15 MySrc/Hardware_Config.o
 .progmem.data._ZZ16Display_Update_1vE3__c_7
                0x00002239       0x15 MySrc/Hardware_Config.o
 .progmem.data._ZZ16Display_Update_1vE3__c_6
                0x0000224e       0x15 MySrc/Hardware_Config.o
 .progmem.data._ZZ16Display_Update_1vE3__c_5
                0x00002263       0x15 MySrc/Hardware_Config.o
 .progmem.data._ZZ16Display_Update_1vE3__c_4
                0x00002278       0x15 MySrc/Hardware_Config.o
 .progmem.data._ZZ16Display_Update_1vE3__c_3
                0x0000228d       0x15 MySrc/Hardware_Config.o
 .progmem.data._ZZ16Display_Update_1vE3__c_2
                0x000022a2       0x15 MySrc/Hardware_Config.o
 .progmem.data._ZZ16Display_Update_1vE3__c_1
                0x000022b7       0x15 MySrc/Hardware_Config.o
 .progmem.data._ZZ16Display_Update_1vE3__c_0
                0x000022cc       0x15 MySrc/Hardware_Config.o
 .progmem.data._ZZ16Display_Update_1vE3__c
                0x000022e1       0x15 MySrc/Hardware_Config.o
 .progmem.data._ZZ21Subscribed_data_checkvE3__c_0
                0x000022f6        0xc MySrc/Hardware_Config.o
 .progmem.data._ZZ21Subscribed_data_checkvE3__c
                0x00002302        0x8 MySrc/Hardware_Config.o
 .progmem.data._ZZ17Is_MQTT_ConnectedvE3__c_1
                0x0000230a       0x1c MySrc/Hardware_Config.o
 .progmem.data._ZZ17Is_MQTT_ConnectedvE3__c_0
                0x00002326       0x18 MySrc/Hardware_Config.o
 .progmem.data._ZZ17Is_MQTT_ConnectedvE3__c
                0x0000233e       0x11 MySrc/Hardware_Config.o
 .progmem.data._ZZ12MQTT_ConnectPKcS0_S0_E3__c_1
                0x0000234f        0xe MySrc/Hardware_Config.o
 .progmem.data._ZZ12MQTT_ConnectPKcS0_S0_E3__c_0
                0x0000235d        0xe MySrc/Hardware_Config.o
 .progmem.data._ZZ12MQTT_ConnectPKcS0_S0_E3__c
                0x0000236b       0x13 MySrc/Hardware_Config.o
 .progmem.data._ZZ14MQTT_SUBSCRIBEPcE3__c
                0x0000237e        0xc MySrc/Hardware_Config.o
 .progmem.data._ZZ12MQTT_PublishPhS_E3__c
                0x0000238a        0xa MySrc/Hardware_Config.o
 .progmem.data._ZZ12Gprs_ConnectPcE3__c
                0x00002394       0x29 MySrc/Hardware_Config.o
 .progmem.data._ZZ17Get_Operator_NamePcE3__c
                0x000023bd        0x9 MySrc/Hardware_Config.o
 .progmem.data._ZZ20Check_Gsm_ConnectionvE3__c_7
                0x000023c6        0xa MySrc/Hardware_Config.o
 .progmem.data._ZZ20Check_Gsm_ConnectionvE3__c_6
                0x000023d0        0xb MySrc/Hardware_Config.o
 .progmem.data._ZZ20Check_Gsm_ConnectionvE3__c_5
                0x000023db        0xa MySrc/Hardware_Config.o
 .progmem.data._ZZ20Check_Gsm_ConnectionvE3__c_4
                0x000023e5        0xb MySrc/Hardware_Config.o
 .progmem.data._ZZ20Check_Gsm_ConnectionvE3__c_3
                0x000023f0        0x9 MySrc/Hardware_Config.o
 .progmem.data._ZZ20Check_Gsm_ConnectionvE3__c_2
                0x000023f9        0xa MySrc/Hardware_Config.o
 .progmem.data._ZZ20Check_Gsm_ConnectionvE3__c_1
                0x00002403        0x9 MySrc/Hardware_Config.o
 .progmem.data._ZZ20Check_Gsm_ConnectionvE3__c_0
                0x0000240c        0xa MySrc/Hardware_Config.o
 .progmem.data._ZZ20Check_Gsm_ConnectionvE3__c
                0x00002416        0xb MySrc/Hardware_Config.o
 .progmem.data._ZZ8Gsm_InitvE3__c_1
                0x00002421        0xa MySrc/Hardware_Config.o
 .progmem.data._ZZ8Gsm_InitvE3__c_0
                0x0000242b        0xe MySrc/Hardware_Config.o
 .progmem.data._ZZ8Gsm_InitvE3__c
                0x00002439        0x3 MySrc/Hardware_Config.o
 .progmem.data._ZZ18_kGSM_SIG_STRENGTHvE3__c_0
                0x0000243c        0xf MySrc/Hardware_Config.o
 .progmem.data._ZZ18_kGSM_SIG_STRENGTHvE3__c
                0x0000244b        0x7 MySrc/Hardware_Config.o
 .progmem.data._ZZ14Lora_Data_SendhE3__c_1
                0x00002452        0xa MySrc/Hardware_Config.o
 .progmem.data._ZZ14Lora_Data_SendhE3__c_0
                0x0000245c        0xd MySrc/Hardware_Config.o
 .progmem.data._ZZ14Lora_Data_SendhE3__c
                0x00002469       0x16 MySrc/Hardware_Config.o
 .progmem.data._ZZ19Initialise_HardwarevE3__c_6
                0x0000247f       0x12 MySrc/Hardware_Config.o
 .progmem.data._ZZ19Initialise_HardwarevE3__c_5
                0x00002491        0xe MySrc/Hardware_Config.o
 .progmem.data._ZZ19Initialise_HardwarevE3__c_4
                0x0000249f       0x13 MySrc/Hardware_Config.o
 .progmem.data._ZZ19Initialise_HardwarevE3__c_3
                0x000024b2        0xf MySrc/Hardware_Config.o
 .progmem.data._ZZ19Initialise_HardwarevE3__c_2
                0x000024c1        0xd MySrc/Hardware_Config.o
 .progmem.data._ZZ19Initialise_HardwarevE3__c_1
                0x000024ce       0x15 MySrc/Hardware_Config.o
 .progmem.data._ZZ19Initialise_HardwarevE3__c_0
                0x000024e3       0x15 MySrc/Hardware_Config.o
 .progmem.data._ZZ19Initialise_HardwarevE3__c
                0x000024f8       0x15 MySrc/Hardware_Config.o
 .progmem.data._ZZ21Exra_Plot_Data_EEPROMhE3__c_2
                0x0000250d        0xc MySrc/Initialize.o
 .progmem.data._ZZ21Exra_Plot_Data_EEPROMhE3__c_1
                0x00002519       0x15 MySrc/Initialize.o
 .progmem.data._ZZ21Exra_Plot_Data_EEPROMhE3__c_0
                0x0000252e       0x17 MySrc/Initialize.o
 .progmem.data._ZZ21Exra_Plot_Data_EEPROMhE3__c
                0x00002545        0xe MySrc/Initialize.o
 .progmem.data._ZZ18Local_Time_SettingvE3__c_2
                0x00002553        0xd MySrc/Initialize.o
 .progmem.data._ZZ18Local_Time_SettingvE3__c_1
                0x00002560        0x9 MySrc/Initialize.o
 .progmem.data._ZZ18Local_Time_SettingvE3__c_0
                0x00002569        0x5 MySrc/Initialize.o
 .progmem.data._ZZ18Local_Time_SettingvE3__c
                0x0000256e        0x3 MySrc/Initialize.o
 .progmem.data._ZZ9Check_SimcE3__c_1
                0x00002571        0x9 MySrc/Initialize.o
 .progmem.data._ZZ9Check_SimcE3__c_0
                0x0000257a        0x5 MySrc/Initialize.o
 .progmem.data._ZZ9Check_SimcE3__c
                0x0000257f        0xc MySrc/Initialize.o
 .progmem.data._ZZ14Faults_HandlervE3__c_5
                0x0000258b       0x10 MySrc/Initialize.o
 .progmem.data._ZZ14Faults_HandlervE3__c_4
                0x0000259b       0x11 MySrc/Initialize.o
 .progmem.data._ZZ14Faults_HandlervE3__c_3
                0x000025ac        0xd MySrc/Initialize.o
 .progmem.data._ZZ14Faults_HandlervE3__c_2
                0x000025b9        0xe MySrc/Initialize.o
 .progmem.data._ZZ14Faults_HandlervE3__c_1
                0x000025c7       0x10 MySrc/Initialize.o
 .progmem.data._ZZ14Faults_HandlervE3__c_0
                0x000025d7       0x11 MySrc/Initialize.o
 .progmem.data._ZZ14Faults_HandlervE3__c
                0x000025e8       0x28 MySrc/Initialize.o
 .progmem.data._ZZ19Calibration_Of_PumpvE3__c
                0x00002610       0x19 MySrc/Initialize.o
 .progmem.data._ZZ11Read_EEPROMvE3__c_2
                0x00002629        0xc MySrc/Initialize.o
 .progmem.data._ZZ11Read_EEPROMvE3__c_1
                0x00002635       0x1c MySrc/Initialize.o
 .progmem.data._ZZ11Read_EEPROMvE3__c_0
                0x00002651       0x18 MySrc/Initialize.o
 .progmem.data._ZZ11Read_EEPROMvE3__c
                0x00002669       0x15 MySrc/Initialize.o
 .progmem.data._ZZ20Param_InitializationvE3__c_3
                0x0000267e       0x1b MySrc/Initialize.o
 .progmem.data._ZZ20Param_InitializationvE3__c_2
                0x00002699       0x56 MySrc/Initialize.o
 .progmem.data._ZZ20Param_InitializationvE3__c_1
                0x000026ef       0x17 MySrc/Initialize.o
 .progmem.data._ZZ20Param_InitializationvE3__c_0
                0x00002706       0x21 MySrc/Initialize.o
 .progmem.data._ZZ20Param_InitializationvE3__c
                0x00002727       0x25 MySrc/Initialize.o
 .progmem.data._ZZ21Subscribe_MQTT_TopicsvE3__c
                0x0000274c       0x2c MySrc/MQTT_Handler.o
 .progmem.data._ZZ14Ping_to_ServervE3__c_10
                0x00002778        0x5 MySrc/MQTT_Handler.o
 .progmem.data._ZZ14Ping_to_ServervE3__c_9
                0x0000277d        0xc MySrc/MQTT_Handler.o
 .progmem.data._ZZ14Ping_to_ServervE3__c_8
                0x00002789       0x1b MySrc/MQTT_Handler.o
 .progmem.data._ZZ14Ping_to_ServervE3__c_7
                0x000027a4       0x19 MySrc/MQTT_Handler.o
 .progmem.data._ZZ14Ping_to_ServervE3__c_6
                0x000027bd       0x15 MySrc/MQTT_Handler.o
 .progmem.data._ZZ14Ping_to_ServervE3__c_5
                0x000027d2       0x14 MySrc/MQTT_Handler.o
 .progmem.data._ZZ14Ping_to_ServervE3__c_4
                0x000027e6       0x1a MySrc/MQTT_Handler.o
 .progmem.data._ZZ14Ping_to_ServervE3__c_3
                0x00002800       0x17 MySrc/MQTT_Handler.o
 .progmem.data._ZZ14Ping_to_ServervE3__c_2
                0x00002817        0xc MySrc/MQTT_Handler.o
 .progmem.data._ZZ14Ping_to_ServervE3__c_1
                0x00002823        0xe MySrc/MQTT_Handler.o
 .progmem.data._ZZ14Ping_to_ServervE3__c_0
                0x00002831       0x11 MySrc/MQTT_Handler.o
 .progmem.data._ZZ14Ping_to_ServervE3__c
                0x00002842        0x5 MySrc/MQTT_Handler.o
 .progmem.data._ZZ11Init_BrokervE3__c_4
                0x00002847       0x1f MySrc/MQTT_Handler.o
 .progmem.data._ZZ11Init_BrokervE3__c_3
                0x00002866       0x1b MySrc/MQTT_Handler.o
 .progmem.data._ZZ11Init_BrokervE3__c_2
                0x00002881       0x14 MySrc/MQTT_Handler.o
 .progmem.data._ZZ11Init_BrokervE3__c_1
                0x00002895        0xf MySrc/MQTT_Handler.o
 .progmem.data._ZZ11Init_BrokervE3__c_0
                0x000028a4       0x16 MySrc/MQTT_Handler.o
 .progmem.data._ZZ11Init_BrokervE3__c
                0x000028ba       0x11 MySrc/MQTT_Handler.o
 .progmem.data._ZZ4mainE3__c_0
                0x000028cb       0x13 MySrc/Mymain.o
 .progmem.data._ZZ4mainE3__c
                0x000028de       0x13 MySrc/Mymain.o
 .progmem.data._ZZ24Pump_Status_List_MonitorvE3__c
                0x000028f1       0x29 MySrc/Running_Operation.o
 .progmem.data._ZZ24Plot_Status_List_MonitorvE3__c_11
                0x0000291a       0x1f MySrc/Running_Operation.o
 .progmem.data._ZZ24Plot_Status_List_MonitorvE3__c_10
                0x00002939       0x3b MySrc/Running_Operation.o
 .progmem.data._ZZ24Plot_Status_List_MonitorvE3__c_9
                0x00002974       0x3b MySrc/Running_Operation.o
 .progmem.data._ZZ24Plot_Status_List_MonitorvE3__c_8
                0x000029af       0x13 MySrc/Running_Operation.o
 .progmem.data._ZZ24Plot_Status_List_MonitorvE3__c_7
                0x000029c2       0x2b MySrc/Running_Operation.o
 .progmem.data._ZZ24Plot_Status_List_MonitorvE3__c_6
                0x000029ed       0x1e MySrc/Running_Operation.o
 .progmem.data._ZZ24Plot_Status_List_MonitorvE3__c_5
                0x00002a0b       0x16 MySrc/Running_Operation.o
 .progmem.data._ZZ24Plot_Status_List_MonitorvE3__c_4
                0x00002a21       0x24 MySrc/Running_Operation.o
 .progmem.data._ZZ24Plot_Status_List_MonitorvE3__c_3
                0x00002a45       0x16 MySrc/Running_Operation.o
 .progmem.data._ZZ24Plot_Status_List_MonitorvE3__c_2
                0x00002a5b       0x14 MySrc/Running_Operation.o
 .progmem.data._ZZ24Plot_Status_List_MonitorvE3__c_1
                0x00002a6f       0x10 MySrc/Running_Operation.o
 .progmem.data._ZZ24Plot_Status_List_MonitorvE3__c_0
                0x00002a7f        0x2 MySrc/Running_Operation.o
 .progmem.data._ZZ24Plot_Status_List_MonitorvE3__c
                0x00002a81       0x19 MySrc/Running_Operation.o
 .progmem.data._ZZ20Wireless_Pump_On_OffhhE3__c_21
                0x00002a9a       0x1e MySrc/Running_Operation.o
 .progmem.data._ZZ20Wireless_Pump_On_OffhhE3__c_20
                0x00002ab8       0x19 MySrc/Running_Operation.o
 .progmem.data._ZZ20Wireless_Pump_On_OffhhE3__c_19
                0x00002ad1       0x27 MySrc/Running_Operation.o
 .progmem.data._ZZ20Wireless_Pump_On_OffhhE3__c_18
                0x00002af8       0x13 MySrc/Running_Operation.o
 .progmem.data._ZZ20Wireless_Pump_On_OffhhE3__c_14
                0x00002b0b       0x1c MySrc/Running_Operation.o
 .progmem.data._ZZ20Wireless_Pump_On_OffhhE3__c_13
                0x00002b27       0x1c MySrc/Running_Operation.o
 .progmem.data._ZZ20Wireless_Pump_On_OffhhE3__c_12
                0x00002b43       0x1c MySrc/Running_Operation.o
 .progmem.data._ZZ20Wireless_Pump_On_OffhhE3__c_11
                0x00002b5f       0x1e MySrc/Running_Operation.o
 .progmem.data._ZZ20Wireless_Pump_On_OffhhE3__c_10
                0x00002b7d        0xb MySrc/Running_Operation.o
 .progmem.data._ZZ20Wireless_Pump_On_OffhhE3__c_9
                0x00002b88       0x1c MySrc/Running_Operation.o
 .progmem.data._ZZ20Wireless_Pump_On_OffhhE3__c_8
                0x00002ba4       0x1e MySrc/Running_Operation.o
 .progmem.data._ZZ20Wireless_Pump_On_OffhhE3__c_7
                0x00002bc2        0xa MySrc/Running_Operation.o
 .progmem.data._ZZ20Wireless_Pump_On_OffhhE3__c_6
                0x00002bcc       0x1c MySrc/Running_Operation.o
 .progmem.data._ZZ20Wireless_Pump_On_OffhhE3__c_5
                0x00002be8       0x1e MySrc/Running_Operation.o
 .progmem.data._ZZ20Wireless_Pump_On_OffhhE3__c_4
                0x00002c06       0x2c MySrc/Running_Operation.o
 .progmem.data._ZZ20Wireless_Pump_On_OffhhE3__c_3
                0x00002c32       0x27 MySrc/Running_Operation.o
 .progmem.data._ZZ20Wireless_Pump_On_OffhhE3__c_2
                0x00002c59       0x19 MySrc/Running_Operation.o
 .progmem.data._ZZ20Wireless_Pump_On_OffhhE3__c_1
                0x00002c72       0x1c MySrc/Running_Operation.o
 .progmem.data._ZZ20Wireless_Pump_On_OffhhE3__c_0
                0x00002c8e       0x27 MySrc/Running_Operation.o
 .progmem.data._ZZ20Wireless_Pump_On_OffhhE3__c
                0x00002cb5       0x13 MySrc/Running_Operation.o
 .progmem.data._ZZ20Handle_Wireless_PumpvE3__c_0
                0x00002cc8       0x2f MySrc/Running_Operation.o
 .progmem.data._ZZ20Handle_Wireless_PumpvE3__c
                0x00002cf7       0x2b MySrc/Running_Operation.o
 .progmem.data._ZZ33Extra_Plot_Valve_Grouping_HandlerhhE3__c_11
                0x00002d22       0x1f MySrc/Running_Operation.o
 .progmem.data._ZZ33Extra_Plot_Valve_Grouping_HandlerhhE3__c_10
                0x00002d41       0x3b MySrc/Running_Operation.o
 .progmem.data._ZZ33Extra_Plot_Valve_Grouping_HandlerhhE3__c_9
                0x00002d7c       0x3b MySrc/Running_Operation.o
 .progmem.data._ZZ33Extra_Plot_Valve_Grouping_HandlerhhE3__c_8
                0x00002db7       0x13 MySrc/Running_Operation.o
 .progmem.data._ZZ33Extra_Plot_Valve_Grouping_HandlerhhE3__c_7
                0x00002dca       0x2b MySrc/Running_Operation.o
 .progmem.data._ZZ33Extra_Plot_Valve_Grouping_HandlerhhE3__c_6
                0x00002df5       0x1e MySrc/Running_Operation.o
 .progmem.data._ZZ33Extra_Plot_Valve_Grouping_HandlerhhE3__c_5
                0x00002e13       0x16 MySrc/Running_Operation.o
 .progmem.data._ZZ33Extra_Plot_Valve_Grouping_HandlerhhE3__c_4
                0x00002e29       0x24 MySrc/Running_Operation.o
 .progmem.data._ZZ33Extra_Plot_Valve_Grouping_HandlerhhE3__c_3
                0x00002e4d       0x16 MySrc/Running_Operation.o
 .progmem.data._ZZ33Extra_Plot_Valve_Grouping_HandlerhhE3__c_2
                0x00002e63       0x14 MySrc/Running_Operation.o
 .progmem.data._ZZ33Extra_Plot_Valve_Grouping_HandlerhhE3__c_1
                0x00002e77       0x1c MySrc/Running_Operation.o
 .progmem.data._ZZ33Extra_Plot_Valve_Grouping_HandlerhhE3__c_0
                0x00002e93        0x2 MySrc/Running_Operation.o
 .progmem.data._ZZ33Extra_Plot_Valve_Grouping_HandlerhhE3__c
                0x00002e95        0xe MySrc/Running_Operation.o
 .progmem.data._ZZ25Stop_Extra_Plot_OperationhE3__c_4
                0x00002ea3       0x19 MySrc/Running_Operation.o
 .progmem.data._ZZ25Stop_Extra_Plot_OperationhE3__c_3
                0x00002ebc       0x11 MySrc/Running_Operation.o
 .progmem.data._ZZ25Stop_Extra_Plot_OperationhE3__c_2
                0x00002ecd       0x28 MySrc/Running_Operation.o
 .progmem.data._ZZ25Stop_Extra_Plot_OperationhE3__c_1
                0x00002ef5       0x20 MySrc/Running_Operation.o
 .progmem.data._ZZ25Stop_Extra_Plot_OperationhE3__c_0
                0x00002f15       0x26 MySrc/Running_Operation.o
 .progmem.data._ZZ25Stop_Extra_Plot_OperationhE3__c
                0x00002f3b       0x12 MySrc/Running_Operation.o
 .progmem.data._ZZ26Start_Extra_Plot_OperationhE3__c_2
                0x00002f4d       0x17 MySrc/Running_Operation.o
 .progmem.data._ZZ26Start_Extra_Plot_OperationhE3__c_1
                0x00002f64        0xe MySrc/Running_Operation.o
 .progmem.data._ZZ26Start_Extra_Plot_OperationhE3__c_0
                0x00002f72       0x25 MySrc/Running_Operation.o
 .progmem.data._ZZ26Start_Extra_Plot_OperationhE3__c
                0x00002f97       0x18 MySrc/Running_Operation.o
 .progmem.data._ZZ24Run_Extra_Plot_OperationvE3__c
                0x00002faf       0x15 MySrc/Running_Operation.o
 .progmem.data._ZZ12Publish_DatavE3__c_78
                0x00002fc4        0x5 MySrc/Running_Operation.o
 .progmem.data._ZZ12Publish_DatavE3__c_77
                0x00002fc9        0x5 MySrc/Running_Operation.o
 .progmem.data._ZZ12Publish_DatavE3__c_76
                0x00002fce        0x5 MySrc/Running_Operation.o
 .progmem.data._ZZ12Publish_DatavE3__c_75
                0x00002fd3        0x5 MySrc/Running_Operation.o
 .progmem.data._ZZ12Publish_DatavE3__c_74
                0x00002fd8        0x7 MySrc/Running_Operation.o
 .progmem.data._ZZ12Publish_DatavE3__c_73
                0x00002fdf        0x8 MySrc/Running_Operation.o
 .progmem.data._ZZ12Publish_DatavE3__c_72
                0x00002fe7        0x8 MySrc/Running_Operation.o
 .progmem.data._ZZ12Publish_DatavE3__c_71
                0x00002fef        0x8 MySrc/Running_Operation.o
 .progmem.data._ZZ12Publish_DatavE3__c_70
                0x00002ff7       0x1c MySrc/Running_Operation.o
 .progmem.data._ZZ12Publish_DatavE3__c_69
                0x00003013        0x7 MySrc/Running_Operation.o
 .progmem.data._ZZ12Publish_DatavE3__c_68
                0x0000301a        0x7 MySrc/Running_Operation.o
 .progmem.data._ZZ12Publish_DatavE3__c_67
                0x00003021        0x7 MySrc/Running_Operation.o
 .progmem.data._ZZ12Publish_DatavE3__c_66
                0x00003028        0x7 MySrc/Running_Operation.o
 .progmem.data._ZZ12Publish_DatavE3__c_65
                0x0000302f        0x7 MySrc/Running_Operation.o
 .progmem.data._ZZ12Publish_DatavE3__c_64
                0x00003036        0x7 MySrc/Running_Operation.o
 .progmem.data._ZZ12Publish_DatavE3__c_63
                0x0000303d        0x4 MySrc/Running_Operation.o
 .progmem.data._ZZ12Publish_DatavE3__c_62
                0x00003041       0x1b MySrc/Running_Operation.o
 .progmem.data._ZZ12Publish_DatavE3__c_61
                0x0000305c        0xc MySrc/Running_Operation.o
 .progmem.data._ZZ12Publish_DatavE3__c_60
                0x00003068        0x9 MySrc/Running_Operation.o
 .progmem.data._ZZ12Publish_DatavE3__c_59
                0x00003071        0xf MySrc/Running_Operation.o
 .progmem.data._ZZ12Publish_DatavE3__c_58
                0x00003080        0x9 MySrc/Running_Operation.o
 .progmem.data._ZZ12Publish_DatavE3__c_57
                0x00003089        0xf MySrc/Running_Operation.o
 .progmem.data._ZZ12Publish_DatavE3__c_56
                0x00003098        0x9 MySrc/Running_Operation.o
 .progmem.data._ZZ12Publish_DatavE3__c_55
                0x000030a1        0xf MySrc/Running_Operation.o
 .progmem.data._ZZ12Publish_DatavE3__c_54
                0x000030b0        0x9 MySrc/Running_Operation.o
 .progmem.data._ZZ12Publish_DatavE3__c_53
                0x000030b9        0x5 MySrc/Running_Operation.o
 .progmem.data._ZZ12Publish_DatavE3__c_52
                0x000030be        0x5 MySrc/Running_Operation.o
 .progmem.data._ZZ12Publish_DatavE3__c_51
                0x000030c3       0x13 MySrc/Running_Operation.o
 .progmem.data._ZZ12Publish_DatavE3__c_50
                0x000030d6        0x5 MySrc/Running_Operation.o
 .progmem.data._ZZ12Publish_DatavE3__c_49
                0x000030db        0x8 MySrc/Running_Operation.o
 .progmem.data._ZZ12Publish_DatavE3__c_48
                0x000030e3        0x8 MySrc/Running_Operation.o
 .progmem.data._ZZ12Publish_DatavE3__c_47
                0x000030eb        0x8 MySrc/Running_Operation.o
 .progmem.data._ZZ12Publish_DatavE3__c_46
                0x000030f3        0x7 MySrc/Running_Operation.o
 .progmem.data._ZZ12Publish_DatavE3__c_45
                0x000030fa        0x7 MySrc/Running_Operation.o
 .progmem.data._ZZ12Publish_DatavE3__c_44
                0x00003101        0x7 MySrc/Running_Operation.o
 .progmem.data._ZZ12Publish_DatavE3__c_43
                0x00003108        0x7 MySrc/Running_Operation.o
 .progmem.data._ZZ12Publish_DatavE3__c_42
                0x0000310f        0x7 MySrc/Running_Operation.o
 .progmem.data._ZZ12Publish_DatavE3__c_41
                0x00003116       0x22 MySrc/Running_Operation.o
 .progmem.data._ZZ12Publish_DatavE3__c_40
                0x00003138        0x7 MySrc/Running_Operation.o
 .progmem.data._ZZ12Publish_DatavE3__c_39
                0x0000313f       0x21 MySrc/Running_Operation.o
 .progmem.data._ZZ12Publish_DatavE3__c_38
                0x00003160        0x4 MySrc/Running_Operation.o
 .progmem.data._ZZ12Publish_DatavE3__c_37
                0x00003164       0x13 MySrc/Running_Operation.o
 .progmem.data._ZZ12Publish_DatavE3__c_36
                0x00003177        0x5 MySrc/Running_Operation.o
 .progmem.data._ZZ12Publish_DatavE3__c_35
                0x0000317c        0x5 MySrc/Running_Operation.o
 .progmem.data._ZZ12Publish_DatavE3__c_34
                0x00003181        0x5 MySrc/Running_Operation.o
 .progmem.data._ZZ12Publish_DatavE3__c_33
                0x00003186        0x5 MySrc/Running_Operation.o
 .progmem.data._ZZ12Publish_DatavE3__c_32
                0x0000318b        0x7 MySrc/Running_Operation.o
 .progmem.data._ZZ12Publish_DatavE3__c_31
                0x00003192        0x8 MySrc/Running_Operation.o
 .progmem.data._ZZ12Publish_DatavE3__c_30
                0x0000319a        0x8 MySrc/Running_Operation.o
 .progmem.data._ZZ12Publish_DatavE3__c_29
                0x000031a2        0x8 MySrc/Running_Operation.o
 .progmem.data._ZZ12Publish_DatavE3__c_28
                0x000031aa        0x8 MySrc/Running_Operation.o
 .progmem.data._ZZ12Publish_DatavE3__c_27
                0x000031b2       0x14 MySrc/Running_Operation.o
 .progmem.data._ZZ12Publish_DatavE3__c_26
                0x000031c6        0x6 MySrc/Running_Operation.o
 .progmem.data._ZZ12Publish_DatavE3__c_25
                0x000031cc       0x16 MySrc/Running_Operation.o
 .progmem.data._ZZ12Publish_DatavE3__c_24
                0x000031e2        0xa MySrc/Running_Operation.o
 .progmem.data._ZZ12Publish_DatavE3__c_23
                0x000031ec        0x5 MySrc/Running_Operation.o
 .progmem.data._ZZ12Publish_DatavE3__c_22
                0x000031f1        0xc MySrc/Running_Operation.o
 .progmem.data._ZZ12Publish_DatavE3__c_21
                0x000031fd       0x16 MySrc/Running_Operation.o
 .progmem.data._ZZ12Publish_DatavE3__c_20
                0x00003213        0x5 MySrc/Running_Operation.o
 .progmem.data._ZZ12Publish_DatavE3__c_19
                0x00003218        0x6 MySrc/Running_Operation.o
 .progmem.data._ZZ12Publish_DatavE3__c_18
                0x0000321e        0x9 MySrc/Running_Operation.o
 .progmem.data._ZZ12Publish_DatavE3__c_17
                0x00003227        0xc MySrc/Running_Operation.o
 .progmem.data._ZZ12Publish_DatavE3__c_16
                0x00003233        0xa MySrc/Running_Operation.o
 .progmem.data._ZZ12Publish_DatavE3__c_15
                0x0000323d        0x4 MySrc/Running_Operation.o
 .progmem.data._ZZ12Publish_DatavE3__c_14
                0x00003241        0x4 MySrc/Running_Operation.o
 .progmem.data._ZZ12Publish_DatavE3__c_13
                0x00003245        0x4 MySrc/Running_Operation.o
 .progmem.data._ZZ12Publish_DatavE3__c_12
                0x00003249        0x4 MySrc/Running_Operation.o
 .progmem.data._ZZ12Publish_DatavE3__c_11
                0x0000324d        0xa MySrc/Running_Operation.o
 .progmem.data._ZZ12Publish_DatavE3__c_10
                0x00003257       0x15 MySrc/Running_Operation.o
 .progmem.data._ZZ12Publish_DatavE3__c_9
                0x0000326c        0x6 MySrc/Running_Operation.o
 .progmem.data._ZZ12Publish_DatavE3__c_8
                0x00003272        0x5 MySrc/Running_Operation.o
 .progmem.data._ZZ12Publish_DatavE3__c_7
                0x00003277        0x5 MySrc/Running_Operation.o
 .progmem.data._ZZ12Publish_DatavE3__c_6
                0x0000327c        0x5 MySrc/Running_Operation.o
 .progmem.data._ZZ12Publish_DatavE3__c_5
                0x00003281        0x5 MySrc/Running_Operation.o
 .progmem.data._ZZ12Publish_DatavE3__c_4
                0x00003286        0x7 MySrc/Running_Operation.o
 .progmem.data._ZZ12Publish_DatavE3__c_3
                0x0000328d        0x8 MySrc/Running_Operation.o
 .progmem.data._ZZ12Publish_DatavE3__c_2
                0x00003295       0x15 MySrc/Running_Operation.o
 .progmem.data._ZZ12Publish_DatavE3__c_1
                0x000032aa        0x5 MySrc/Running_Operation.o
 .progmem.data._ZZ12Publish_DatavE3__c_0
                0x000032af        0x5 MySrc/Running_Operation.o
 .progmem.data._ZZ12Publish_DatavE3__c
                0x000032b4        0x6 MySrc/Running_Operation.o
 .progmem.data._ZZ12Pub_Sub_DataPcPhjhE3__c_123
                0x000032ba       0x41 MySrc/Running_Operation.o
 .progmem.data._ZZ12Pub_Sub_DataPcPhjhE3__c_122
                0x000032fb        0x7 MySrc/Running_Operation.o
 .progmem.data._ZZ12Pub_Sub_DataPcPhjhE3__c_121
                0x00003302        0x4 MySrc/Running_Operation.o
 .progmem.data._ZZ12Pub_Sub_DataPcPhjhE3__c_120
                0x00003306       0x17 MySrc/Running_Operation.o
 .progmem.data._ZZ12Pub_Sub_DataPcPhjhE3__c_119
                0x0000331d       0x22 MySrc/Running_Operation.o
 .progmem.data._ZZ12Pub_Sub_DataPcPhjhE3__c_118
                0x0000333f        0xc MySrc/Running_Operation.o
 .progmem.data._ZZ12Pub_Sub_DataPcPhjhE3__c_117
                0x0000334b       0x11 MySrc/Running_Operation.o
 .progmem.data._ZZ12Pub_Sub_DataPcPhjhE3__c_116
                0x0000335c       0x10 MySrc/Running_Operation.o
 .progmem.data._ZZ12Pub_Sub_DataPcPhjhE3__c_115
                0x0000336c       0x10 MySrc/Running_Operation.o
 .progmem.data._ZZ12Pub_Sub_DataPcPhjhE3__c_114
                0x0000337c        0xa MySrc/Running_Operation.o
 .progmem.data._ZZ12Pub_Sub_DataPcPhjhE3__c_113
                0x00003386        0xc MySrc/Running_Operation.o
 .progmem.data._ZZ12Pub_Sub_DataPcPhjhE3__c_112
                0x00003392        0xa MySrc/Running_Operation.o
 .progmem.data._ZZ12Pub_Sub_DataPcPhjhE3__c_111
                0x0000339c       0x12 MySrc/Running_Operation.o
 .progmem.data._ZZ12Pub_Sub_DataPcPhjhE3__c_110
                0x000033ae        0xb MySrc/Running_Operation.o
 .progmem.data._ZZ12Pub_Sub_DataPcPhjhE3__c_109
                0x000033b9        0x5 MySrc/Running_Operation.o
 .progmem.data._ZZ12Pub_Sub_DataPcPhjhE3__c_108
                0x000033be        0x5 MySrc/Running_Operation.o
 .progmem.data._ZZ12Pub_Sub_DataPcPhjhE3__c_107
                0x000033c3        0x5 MySrc/Running_Operation.o
 .progmem.data._ZZ12Pub_Sub_DataPcPhjhE3__c_106
                0x000033c8        0x5 MySrc/Running_Operation.o
 .progmem.data._ZZ12Pub_Sub_DataPcPhjhE3__c_105
                0x000033cd       0x1e MySrc/Running_Operation.o
 .progmem.data._ZZ12Pub_Sub_DataPcPhjhE3__c_104
                0x000033eb        0xb MySrc/Running_Operation.o
 .progmem.data._ZZ12Pub_Sub_DataPcPhjhE3__c_103
                0x000033f6        0x7 MySrc/Running_Operation.o
 .progmem.data._ZZ12Pub_Sub_DataPcPhjhE3__c_102
                0x000033fd       0x12 MySrc/Running_Operation.o
 .progmem.data._ZZ12Pub_Sub_DataPcPhjhE3__c_101
                0x0000340f        0x5 MySrc/Running_Operation.o
 .progmem.data._ZZ12Pub_Sub_DataPcPhjhE3__c_100
                0x00003414        0xa MySrc/Running_Operation.o
 .progmem.data._ZZ12Pub_Sub_DataPcPhjhE3__c_99
                0x0000341e        0x6 MySrc/Running_Operation.o
 .progmem.data._ZZ12Pub_Sub_DataPcPhjhE3__c_98
                0x00003424        0x6 MySrc/Running_Operation.o
 .progmem.data._ZZ12Pub_Sub_DataPcPhjhE3__c_97
                0x0000342a        0x5 MySrc/Running_Operation.o
 .progmem.data._ZZ12Pub_Sub_DataPcPhjhE3__c_96
                0x0000342f        0x4 MySrc/Running_Operation.o
 .progmem.data._ZZ12Pub_Sub_DataPcPhjhE3__c_95
                0x00003433       0x22 MySrc/Running_Operation.o
 .progmem.data._ZZ12Pub_Sub_DataPcPhjhE3__c_94
                0x00003455        0xe MySrc/Running_Operation.o
 .progmem.data._ZZ12Pub_Sub_DataPcPhjhE3__c_93
                0x00003463        0xd MySrc/Running_Operation.o
 .progmem.data._ZZ12Pub_Sub_DataPcPhjhE3__c_92
                0x00003470        0x4 MySrc/Running_Operation.o
 .progmem.data._ZZ12Pub_Sub_DataPcPhjhE3__c_91
                0x00003474        0xd MySrc/Running_Operation.o
 .progmem.data._ZZ12Pub_Sub_DataPcPhjhE3__c_90
                0x00003481        0xd MySrc/Running_Operation.o
 .progmem.data._ZZ12Pub_Sub_DataPcPhjhE3__c_89
                0x0000348e       0x1b MySrc/Running_Operation.o
 .progmem.data._ZZ12Pub_Sub_DataPcPhjhE3__c_88
                0x000034a9       0x14 MySrc/Running_Operation.o
 .progmem.data._ZZ12Pub_Sub_DataPcPhjhE3__c_87
                0x000034bd       0x19 MySrc/Running_Operation.o
 .progmem.data._ZZ12Pub_Sub_DataPcPhjhE3__c_86
                0x000034d6       0x18 MySrc/Running_Operation.o
 .progmem.data._ZZ12Pub_Sub_DataPcPhjhE3__c_85
                0x000034ee        0x9 MySrc/Running_Operation.o
 .progmem.data._ZZ12Pub_Sub_DataPcPhjhE3__c_84
                0x000034f7       0x1b MySrc/Running_Operation.o
 .progmem.data._ZZ12Pub_Sub_DataPcPhjhE3__c_83
                0x00003512        0xa MySrc/Running_Operation.o
 .progmem.data._ZZ12Pub_Sub_DataPcPhjhE3__c_82
                0x0000351c       0x1e MySrc/Running_Operation.o
 .progmem.data._ZZ12Pub_Sub_DataPcPhjhE3__c_81
                0x0000353a        0x9 MySrc/Running_Operation.o
 .progmem.data._ZZ12Pub_Sub_DataPcPhjhE3__c_80
                0x00003543       0x15 MySrc/Running_Operation.o
 .progmem.data._ZZ12Pub_Sub_DataPcPhjhE3__c_79
                0x00003558        0xb MySrc/Running_Operation.o
 .progmem.data._ZZ12Pub_Sub_DataPcPhjhE3__c_78
                0x00003563       0x1d MySrc/Running_Operation.o
 .progmem.data._ZZ12Pub_Sub_DataPcPhjhE3__c_77
                0x00003580        0xb MySrc/Running_Operation.o
 .progmem.data._ZZ12Pub_Sub_DataPcPhjhE3__c_76
                0x0000358b        0xb MySrc/Running_Operation.o
 .progmem.data._ZZ12Pub_Sub_DataPcPhjhE3__c_75
                0x00003596       0x1b MySrc/Running_Operation.o
 .progmem.data._ZZ12Pub_Sub_DataPcPhjhE3__c_74
                0x000035b1        0x4 MySrc/Running_Operation.o
 .progmem.data._ZZ12Pub_Sub_DataPcPhjhE3__c_73
                0x000035b5       0x16 MySrc/Running_Operation.o
 .progmem.data._ZZ12Pub_Sub_DataPcPhjhE3__c_72
                0x000035cb        0x5 MySrc/Running_Operation.o
 .progmem.data._ZZ12Pub_Sub_DataPcPhjhE3__c_71
                0x000035d0        0xc MySrc/Running_Operation.o
 .progmem.data._ZZ12Pub_Sub_DataPcPhjhE3__c_70
                0x000035dc        0x7 MySrc/Running_Operation.o
 .progmem.data._ZZ12Pub_Sub_DataPcPhjhE3__c_69
                0x000035e3        0x7 MySrc/Running_Operation.o
 .progmem.data._ZZ12Pub_Sub_DataPcPhjhE3__c_68
                0x000035ea        0x9 MySrc/Running_Operation.o
 .progmem.data._ZZ12Pub_Sub_DataPcPhjhE3__c_67
                0x000035f3        0x4 MySrc/Running_Operation.o
 .progmem.data._ZZ12Pub_Sub_DataPcPhjhE3__c_66
                0x000035f7        0x4 MySrc/Running_Operation.o
 .progmem.data._ZZ12Pub_Sub_DataPcPhjhE3__c_65
                0x000035fb        0x4 MySrc/Running_Operation.o
 .progmem.data._ZZ12Pub_Sub_DataPcPhjhE3__c_64
                0x000035ff        0x4 MySrc/Running_Operation.o
 .progmem.data._ZZ12Pub_Sub_DataPcPhjhE3__c_63
                0x00003603        0xc MySrc/Running_Operation.o
 .progmem.data._ZZ12Pub_Sub_DataPcPhjhE3__c_62
                0x0000360f       0x15 MySrc/Running_Operation.o
 .progmem.data._ZZ12Pub_Sub_DataPcPhjhE3__c_61
                0x00003624       0x1c MySrc/Running_Operation.o
 .progmem.data._ZZ12Pub_Sub_DataPcPhjhE3__c_60
                0x00003640        0xb MySrc/Running_Operation.o
 .progmem.data._ZZ12Pub_Sub_DataPcPhjhE3__c_59
                0x0000364b        0xc MySrc/Running_Operation.o
 .progmem.data._ZZ12Pub_Sub_DataPcPhjhE3__c_58
                0x00003657        0xa MySrc/Running_Operation.o
 .progmem.data._ZZ12Pub_Sub_DataPcPhjhE3__c_57
                0x00003661        0xa MySrc/Running_Operation.o
 .progmem.data._ZZ12Pub_Sub_DataPcPhjhE3__c_56
                0x0000366b        0xa MySrc/Running_Operation.o
 .progmem.data._ZZ12Pub_Sub_DataPcPhjhE3__c_55
                0x00003675        0xa MySrc/Running_Operation.o
 .progmem.data._ZZ12Pub_Sub_DataPcPhjhE3__c_54
                0x0000367f        0xa MySrc/Running_Operation.o
 .progmem.data._ZZ12Pub_Sub_DataPcPhjhE3__c_53
                0x00003689        0xd MySrc/Running_Operation.o
 .progmem.data._ZZ12Pub_Sub_DataPcPhjhE3__c_52
                0x00003696       0x1c MySrc/Running_Operation.o
 .progmem.data._ZZ12Pub_Sub_DataPcPhjhE3__c_51
                0x000036b2        0x7 MySrc/Running_Operation.o
 .progmem.data._ZZ12Pub_Sub_DataPcPhjhE3__c_50
                0x000036b9       0x1b MySrc/Running_Operation.o
 .progmem.data._ZZ12Pub_Sub_DataPcPhjhE3__c_49
                0x000036d4       0x1b MySrc/Running_Operation.o
 .progmem.data._ZZ12Pub_Sub_DataPcPhjhE3__c_48
                0x000036ef       0x1b MySrc/Running_Operation.o
 .progmem.data._ZZ12Pub_Sub_DataPcPhjhE3__c_47
                0x0000370a       0x1f MySrc/Running_Operation.o
 .progmem.data._ZZ12Pub_Sub_DataPcPhjhE3__c_46
                0x00003729       0x1f MySrc/Running_Operation.o
 .progmem.data._ZZ12Pub_Sub_DataPcPhjhE3__c_45
                0x00003748       0x1f MySrc/Running_Operation.o
 .progmem.data._ZZ12Pub_Sub_DataPcPhjhE3__c_44
                0x00003767       0x23 MySrc/Running_Operation.o
 .progmem.data._ZZ12Pub_Sub_DataPcPhjhE3__c_43
                0x0000378a       0x14 MySrc/Running_Operation.o
 .progmem.data._ZZ12Pub_Sub_DataPcPhjhE3__c_42
                0x0000379e       0x19 MySrc/Running_Operation.o
 .progmem.data._ZZ12Pub_Sub_DataPcPhjhE3__c_41
                0x000037b7       0x11 MySrc/Running_Operation.o
 .progmem.data._ZZ12Pub_Sub_DataPcPhjhE3__c_40
                0x000037c8       0x1b MySrc/Running_Operation.o
 .progmem.data._ZZ12Pub_Sub_DataPcPhjhE3__c_39
                0x000037e3       0x1b MySrc/Running_Operation.o
 .progmem.data._ZZ12Pub_Sub_DataPcPhjhE3__c_38
                0x000037fe       0x1b MySrc/Running_Operation.o
 .progmem.data._ZZ12Pub_Sub_DataPcPhjhE3__c_37
                0x00003819       0x1b MySrc/Running_Operation.o
 .progmem.data._ZZ12Pub_Sub_DataPcPhjhE3__c_36
                0x00003834       0x1b MySrc/Running_Operation.o
 .progmem.data._ZZ12Pub_Sub_DataPcPhjhE3__c_35
                0x0000384f       0x1b MySrc/Running_Operation.o
 .progmem.data._ZZ12Pub_Sub_DataPcPhjhE3__c_34
                0x0000386a       0x1b MySrc/Running_Operation.o
 .progmem.data._ZZ12Pub_Sub_DataPcPhjhE3__c_33
                0x00003885       0x1b MySrc/Running_Operation.o
 .progmem.data._ZZ12Pub_Sub_DataPcPhjhE3__c_32
                0x000038a0       0x1b MySrc/Running_Operation.o
 .progmem.data._ZZ12Pub_Sub_DataPcPhjhE3__c_31
                0x000038bb       0x1f MySrc/Running_Operation.o
 .progmem.data._ZZ12Pub_Sub_DataPcPhjhE3__c_30
                0x000038da       0x1f MySrc/Running_Operation.o
 .progmem.data._ZZ12Pub_Sub_DataPcPhjhE3__c_29
                0x000038f9       0x1f MySrc/Running_Operation.o
 .progmem.data._ZZ12Pub_Sub_DataPcPhjhE3__c_28
                0x00003918        0xb MySrc/Running_Operation.o
 .progmem.data._ZZ12Pub_Sub_DataPcPhjhE3__c_27
                0x00003923        0xb MySrc/Running_Operation.o
 .progmem.data._ZZ12Pub_Sub_DataPcPhjhE3__c_26
                0x0000392e       0x1b MySrc/Running_Operation.o
 .progmem.data._ZZ12Pub_Sub_DataPcPhjhE3__c_25
                0x00003949       0x14 MySrc/Running_Operation.o
 .progmem.data._ZZ12Pub_Sub_DataPcPhjhE3__c_24
                0x0000395d       0x19 MySrc/Running_Operation.o
 .progmem.data._ZZ12Pub_Sub_DataPcPhjhE3__c_23
                0x00003976       0x11 MySrc/Running_Operation.o
 .progmem.data._ZZ12Pub_Sub_DataPcPhjhE3__c_22
                0x00003987       0x1b MySrc/Running_Operation.o
 .progmem.data._ZZ12Pub_Sub_DataPcPhjhE3__c_21
                0x000039a2       0x1b MySrc/Running_Operation.o
 .progmem.data._ZZ12Pub_Sub_DataPcPhjhE3__c_20
                0x000039bd       0x1b MySrc/Running_Operation.o
 .progmem.data._ZZ12Pub_Sub_DataPcPhjhE3__c_19
                0x000039d8       0x1b MySrc/Running_Operation.o
 .progmem.data._ZZ12Pub_Sub_DataPcPhjhE3__c_18
                0x000039f3       0x1b MySrc/Running_Operation.o
 .progmem.data._ZZ12Pub_Sub_DataPcPhjhE3__c_17
                0x00003a0e       0x1b MySrc/Running_Operation.o
 .progmem.data._ZZ12Pub_Sub_DataPcPhjhE3__c_16
                0x00003a29        0x7 MySrc/Running_Operation.o
 .progmem.data._ZZ12Pub_Sub_DataPcPhjhE3__c_15
                0x00003a30        0x7 MySrc/Running_Operation.o
 .progmem.data._ZZ12Pub_Sub_DataPcPhjhE3__c_14
                0x00003a37        0x7 MySrc/Running_Operation.o
 .progmem.data._ZZ12Pub_Sub_DataPcPhjhE3__c_13
                0x00003a3e        0x7 MySrc/Running_Operation.o
 .progmem.data._ZZ12Pub_Sub_DataPcPhjhE3__c_12
                0x00003a45        0x7 MySrc/Running_Operation.o
 .progmem.data._ZZ12Pub_Sub_DataPcPhjhE3__c_11
                0x00003a4c        0x4 MySrc/Running_Operation.o
 .progmem.data._ZZ12Pub_Sub_DataPcPhjhE3__c_10
                0x00003a50       0x22 MySrc/Running_Operation.o
 .progmem.data._ZZ12Pub_Sub_DataPcPhjhE3__c_6
                0x00003a72       0x10 MySrc/Running_Operation.o
 .progmem.data._ZZ12Pub_Sub_DataPcPhjhE3__c_5
                0x00003a82        0xf MySrc/Running_Operation.o
 .progmem.data._ZZ12Pub_Sub_DataPcPhjhE3__c_4
                0x00003a91        0x2 MySrc/Running_Operation.o
 .progmem.data._ZZ12Pub_Sub_DataPcPhjhE3__c_3
                0x00003a93        0x4 MySrc/Running_Operation.o
 .progmem.data._ZZ12Pub_Sub_DataPcPhjhE3__c_2
                0x00003a97       0x16 MySrc/Running_Operation.o
 .progmem.data._ZZ12Pub_Sub_DataPcPhjhE3__c_1
                0x00003aad       0x2c MySrc/Running_Operation.o
 .progmem.data._ZZ12Pub_Sub_DataPcPhjhE3__c_0
                0x00003ad9       0x19 MySrc/Running_Operation.o
 .progmem.data._ZZ12Pub_Sub_DataPcPhjhE3__c
                0x00003af2       0x19 MySrc/Running_Operation.o
 .progmem.data._ZZ14Lora_OperationvE3__c
                0x00003b0b       0x12 MySrc/Running_Operation.o
 .progmem.data._ZZ22Valve_Grouping_HandlerhE3__c_40
                0x00003b1d       0x1f MySrc/Running_Operation.o
 .progmem.data._ZZ22Valve_Grouping_HandlerhE3__c_39
                0x00003b3c       0x3b MySrc/Running_Operation.o
 .progmem.data._ZZ22Valve_Grouping_HandlerhE3__c_38
                0x00003b77       0x3b MySrc/Running_Operation.o
 .progmem.data._ZZ22Valve_Grouping_HandlerhE3__c_37
                0x00003bb2       0x13 MySrc/Running_Operation.o
 .progmem.data._ZZ22Valve_Grouping_HandlerhE3__c_36
                0x00003bc5       0x2b MySrc/Running_Operation.o
 .progmem.data._ZZ22Valve_Grouping_HandlerhE3__c_35
                0x00003bf0       0x1e MySrc/Running_Operation.o
 .progmem.data._ZZ22Valve_Grouping_HandlerhE3__c_34
                0x00003c0e       0x16 MySrc/Running_Operation.o
 .progmem.data._ZZ22Valve_Grouping_HandlerhE3__c_33
                0x00003c24       0x24 MySrc/Running_Operation.o
 .progmem.data._ZZ22Valve_Grouping_HandlerhE3__c_32
                0x00003c48       0x16 MySrc/Running_Operation.o
 .progmem.data._ZZ22Valve_Grouping_HandlerhE3__c_31
                0x00003c5e       0x14 MySrc/Running_Operation.o
 .progmem.data._ZZ22Valve_Grouping_HandlerhE3__c_30
                0x00003c72       0x16 MySrc/Running_Operation.o
 .progmem.data._ZZ22Valve_Grouping_HandlerhE3__c_29
                0x00003c88        0x2 MySrc/Running_Operation.o
 .progmem.data._ZZ22Valve_Grouping_HandlerhE3__c_28
                0x00003c8a        0xe MySrc/Running_Operation.o
 .progmem.data._ZZ22Valve_Grouping_HandlerhE3__c_27
                0x00003c98       0x1f MySrc/Running_Operation.o
 .progmem.data._ZZ22Valve_Grouping_HandlerhE3__c_26
                0x00003cb7       0x3b MySrc/Running_Operation.o
 .progmem.data._ZZ22Valve_Grouping_HandlerhE3__c_25
                0x00003cf2       0x3b MySrc/Running_Operation.o
 .progmem.data._ZZ22Valve_Grouping_HandlerhE3__c_24
                0x00003d2d       0x13 MySrc/Running_Operation.o
 .progmem.data._ZZ22Valve_Grouping_HandlerhE3__c_23
                0x00003d40       0x2b MySrc/Running_Operation.o
 .progmem.data._ZZ22Valve_Grouping_HandlerhE3__c_22
                0x00003d6b       0x1e MySrc/Running_Operation.o
 .progmem.data._ZZ22Valve_Grouping_HandlerhE3__c_21
                0x00003d89       0x16 MySrc/Running_Operation.o
 .progmem.data._ZZ22Valve_Grouping_HandlerhE3__c_20
                0x00003d9f       0x24 MySrc/Running_Operation.o
 .progmem.data._ZZ22Valve_Grouping_HandlerhE3__c_19
                0x00003dc3       0x16 MySrc/Running_Operation.o
 .progmem.data._ZZ22Valve_Grouping_HandlerhE3__c_18
                0x00003dd9       0x14 MySrc/Running_Operation.o
 .progmem.data._ZZ22Valve_Grouping_HandlerhE3__c_17
                0x00003ded       0x16 MySrc/Running_Operation.o
 .progmem.data._ZZ22Valve_Grouping_HandlerhE3__c_16
                0x00003e03        0x2 MySrc/Running_Operation.o
 .progmem.data._ZZ22Valve_Grouping_HandlerhE3__c_15
                0x00003e05        0xe MySrc/Running_Operation.o
 .progmem.data._ZZ22Valve_Grouping_HandlerhE3__c_14
                0x00003e13       0x2e MySrc/Running_Operation.o
 .progmem.data._ZZ22Valve_Grouping_HandlerhE3__c_13
                0x00003e41       0x22 MySrc/Running_Operation.o
 .progmem.data._ZZ22Valve_Grouping_HandlerhE3__c_12
                0x00003e63       0x26 MySrc/Running_Operation.o
 .progmem.data._ZZ22Valve_Grouping_HandlerhE3__c_11
                0x00003e89       0x15 MySrc/Running_Operation.o
 .progmem.data._ZZ22Valve_Grouping_HandlerhE3__c_10
                0x00003e9e       0x24 MySrc/Running_Operation.o
 .progmem.data._ZZ22Valve_Grouping_HandlerhE3__c_9
                0x00003ec2       0x2b MySrc/Running_Operation.o
 .progmem.data._ZZ22Valve_Grouping_HandlerhE3__c_8
                0x00003eed       0x27 MySrc/Running_Operation.o
 .progmem.data._ZZ22Valve_Grouping_HandlerhE3__c_7
                0x00003f14       0x21 MySrc/Running_Operation.o
 .progmem.data._ZZ22Valve_Grouping_HandlerhE3__c_6
                0x00003f35       0x25 MySrc/Running_Operation.o
 .progmem.data._ZZ22Valve_Grouping_HandlerhE3__c_5
                0x00003f5a       0x15 MySrc/Running_Operation.o
 .progmem.data._ZZ22Valve_Grouping_HandlerhE3__c_4
                0x00003f6f       0x23 MySrc/Running_Operation.o
 .progmem.data._ZZ22Valve_Grouping_HandlerhE3__c_3
                0x00003f92       0x2b MySrc/Running_Operation.o
 .progmem.data._ZZ22Valve_Grouping_HandlerhE3__c_2
                0x00003fbd       0x12 MySrc/Running_Operation.o
 .progmem.data._ZZ22Valve_Grouping_HandlerhE3__c_1
                0x00003fcf       0x11 MySrc/Running_Operation.o
 .progmem.data._ZZ22Valve_Grouping_HandlerhE3__c_0
                0x00003fe0       0x12 MySrc/Running_Operation.o
 .progmem.data._ZZ22Valve_Grouping_HandlerhE3__c
                0x00003ff2       0x11 MySrc/Running_Operation.o
 .progmem.data._ZZ15Stop_IrrigationvE3__c_3
                0x00004003       0x18 MySrc/Running_Operation.o
 .progmem.data._ZZ15Stop_IrrigationvE3__c_2
                0x0000401b       0x11 MySrc/Running_Operation.o
 .progmem.data._ZZ15Stop_IrrigationvE3__c_1
                0x0000402c       0x11 MySrc/Running_Operation.o
 .progmem.data._ZZ15Stop_IrrigationvE3__c_0
                0x0000403d       0x2a MySrc/Running_Operation.o
 .progmem.data._ZZ15Stop_IrrigationvE3__c
                0x00004067       0x17 MySrc/Running_Operation.o
 .progmem.data._ZZ16Start_IrrigationvE3__c_5
                0x0000407e       0x16 MySrc/Running_Operation.o
 .progmem.data._ZZ16Start_IrrigationvE3__c_4
                0x00004094       0x11 MySrc/Running_Operation.o
 .progmem.data._ZZ16Start_IrrigationvE3__c_3
                0x000040a5       0x16 MySrc/Running_Operation.o
 .progmem.data._ZZ16Start_IrrigationvE3__c_2
                0x000040bb       0x1d MySrc/Running_Operation.o
 .progmem.data._ZZ16Start_IrrigationvE3__c_1
                0x000040d8       0x15 MySrc/Running_Operation.o
 .progmem.data._ZZ16Start_IrrigationvE3__c_0
                0x000040ed       0x27 MySrc/Running_Operation.o
 .progmem.data._ZZ16Start_IrrigationvE3__c
                0x00004114       0x1c MySrc/Running_Operation.o
 .progmem.data._ZZ13Run_OperationvE3__c_21
                0x00004130       0x1d MySrc/Running_Operation.o
 .progmem.data._ZZ13Run_OperationvE3__c_19
                0x0000414d       0x27 MySrc/Running_Operation.o
 .progmem.data._ZZ13Run_OperationvE3__c_18
                0x00004174       0x2a MySrc/Running_Operation.o
 .progmem.data._ZZ13Run_OperationvE3__c_17
                0x0000419e       0x33 MySrc/Running_Operation.o
 .progmem.data._ZZ13Run_OperationvE3__c_16
                0x000041d1       0x33 MySrc/Running_Operation.o
 .progmem.data._ZZ13Run_OperationvE3__c_15